
Allocating common symbols
Common symbol       size              file

numofbuf            0x1               ..\obj\make_motion.o
sendbuf             0x2710            ..\obj\make_motion.o
RxBuff              0x4               ..\obj\usart3.o
timingdelay         0x4               ..\obj\initialsetting.o

Discarded input sections

 .text          0x00000000        0x0 ..\obj\test_motion.o
 .bss           0x00000000        0x0 ..\obj\test_motion.o
 .text          0x00000000        0x0 ..\obj\stm32f4xx_usart.o
 .data          0x00000000        0x0 ..\obj\stm32f4xx_usart.o
 .bss           0x00000000        0x0 ..\obj\stm32f4xx_usart.o
 .text.USART_DeInit
                0x00000000       0xd0 ..\obj\stm32f4xx_usart.o
 .text.USART_StructInit
                0x00000000       0x38 ..\obj\stm32f4xx_usart.o
 .text.USART_ClockInit
                0x00000000       0x54 ..\obj\stm32f4xx_usart.o
 .text.USART_ClockStructInit
                0x00000000       0x2c ..\obj\stm32f4xx_usart.o
 .text.USART_SetPrescaler
                0x00000000       0x38 ..\obj\stm32f4xx_usart.o
 .text.USART_OverSampling8Cmd
                0x00000000       0x44 ..\obj\stm32f4xx_usart.o
 .text.USART_OneBitMethodCmd
                0x00000000       0x40 ..\obj\stm32f4xx_usart.o
 .text.USART_SendData
                0x00000000       0x24 ..\obj\stm32f4xx_usart.o
 .text.USART_SetAddress
                0x00000000       0x38 ..\obj\stm32f4xx_usart.o
 .text.USART_ReceiverWakeUpCmd
                0x00000000       0x40 ..\obj\stm32f4xx_usart.o
 .text.USART_WakeUpConfig
                0x00000000       0x38 ..\obj\stm32f4xx_usart.o
 .text.USART_LINBreakDetectLengthConfig
                0x00000000       0x38 ..\obj\stm32f4xx_usart.o
 .text.USART_LINCmd
                0x00000000       0x40 ..\obj\stm32f4xx_usart.o
 .text.USART_SendBreak
                0x00000000       0x24 ..\obj\stm32f4xx_usart.o
 .text.USART_HalfDuplexCmd
                0x00000000       0x40 ..\obj\stm32f4xx_usart.o
 .text.USART_SetGuardTime
                0x00000000       0x3c ..\obj\stm32f4xx_usart.o
 .text.USART_SmartCardCmd
                0x00000000       0x40 ..\obj\stm32f4xx_usart.o
 .text.USART_SmartCardNACKCmd
                0x00000000       0x40 ..\obj\stm32f4xx_usart.o
 .text.USART_IrDAConfig
                0x00000000       0x38 ..\obj\stm32f4xx_usart.o
 .text.USART_IrDACmd
                0x00000000       0x40 ..\obj\stm32f4xx_usart.o
 .text.USART_GetFlagStatus
                0x00000000       0x38 ..\obj\stm32f4xx_usart.o
 .text.USART_ClearFlag
                0x00000000       0x20 ..\obj\stm32f4xx_usart.o
 .text          0x00000000        0x0 ..\obj\startup_stm32f4xx.o
 .data          0x00000000        0x0 ..\obj\startup_stm32f4xx.o
 .bss           0x00000000        0x0 ..\obj\startup_stm32f4xx.o
 .text          0x00000000        0x0 ..\obj\initialsetting.o
 .data          0x00000000        0x0 ..\obj\initialsetting.o
 .bss           0x00000000        0x0 ..\obj\initialsetting.o
 .text          0x00000000        0x0 ..\obj\main.o
 .data          0x00000000        0x0 ..\obj\main.o
 .bss           0x00000000        0x0 ..\obj\main.o
 .text.send_exp_USART3
                0x00000000       0x80 ..\obj\main.o
 .text          0x00000000        0x0 ..\obj\make_motion.o
 .text          0x00000000        0x0 ..\obj\stm32f4xx_rcc.o
 .bss           0x00000000        0x0 ..\obj\stm32f4xx_rcc.o
 .text.RCC_DeInit
                0x00000000       0x50 ..\obj\stm32f4xx_rcc.o
 .text.RCC_HSEConfig
                0x00000000       0x24 ..\obj\stm32f4xx_rcc.o
 .text.RCC_WaitForHSEStartUp
                0x00000000       0x50 ..\obj\stm32f4xx_rcc.o
 .text.RCC_AdjustHSICalibrationValue
                0x00000000       0x3c ..\obj\stm32f4xx_rcc.o
 .text.RCC_HSICmd
                0x00000000       0x20 ..\obj\stm32f4xx_rcc.o
 .text.RCC_LSEConfig
                0x00000000       0x40 ..\obj\stm32f4xx_rcc.o
 .text.RCC_LSICmd
                0x00000000       0x20 ..\obj\stm32f4xx_rcc.o
 .text.RCC_PLLConfig
                0x00000000       0x3c ..\obj\stm32f4xx_rcc.o
 .text.RCC_PLLCmd
                0x00000000       0x20 ..\obj\stm32f4xx_rcc.o
 .text.RCC_PLLI2SConfig
                0x00000000       0x28 ..\obj\stm32f4xx_rcc.o
 .text.RCC_PLLI2SCmd
                0x00000000       0x20 ..\obj\stm32f4xx_rcc.o
 .text.RCC_ClockSecuritySystemCmd
                0x00000000       0x20 ..\obj\stm32f4xx_rcc.o
 .text.RCC_MCO1Config
                0x00000000       0x3c ..\obj\stm32f4xx_rcc.o
 .text.RCC_MCO2Config
                0x00000000       0x3c ..\obj\stm32f4xx_rcc.o
 .text.RCC_SYSCLKConfig
                0x00000000       0x38 ..\obj\stm32f4xx_rcc.o
 .text.RCC_GetSYSCLKSource
                0x00000000       0x20 ..\obj\stm32f4xx_rcc.o
 .text.RCC_HCLKConfig
                0x00000000       0x38 ..\obj\stm32f4xx_rcc.o
 .text.RCC_PCLK1Config
                0x00000000       0x38 ..\obj\stm32f4xx_rcc.o
 .text.RCC_PCLK2Config
                0x00000000       0x38 ..\obj\stm32f4xx_rcc.o
 .text.RCC_RTCCLKConfig
                0x00000000       0x5c ..\obj\stm32f4xx_rcc.o
 .text.RCC_RTCCLKCmd
                0x00000000       0x20 ..\obj\stm32f4xx_rcc.o
 .text.RCC_BackupResetCmd
                0x00000000       0x20 ..\obj\stm32f4xx_rcc.o
 .text.RCC_I2SCLKConfig
                0x00000000       0x1c ..\obj\stm32f4xx_rcc.o
 .text.RCC_AHB2PeriphClockCmd
                0x00000000       0x3c ..\obj\stm32f4xx_rcc.o
 .text.RCC_AHB3PeriphClockCmd
                0x00000000       0x3c ..\obj\stm32f4xx_rcc.o
 .text.RCC_AHB1PeriphResetCmd
                0x00000000       0x3c ..\obj\stm32f4xx_rcc.o
 .text.RCC_AHB2PeriphResetCmd
                0x00000000       0x3c ..\obj\stm32f4xx_rcc.o
 .text.RCC_AHB3PeriphResetCmd
                0x00000000       0x3c ..\obj\stm32f4xx_rcc.o
 .text.RCC_APB1PeriphResetCmd
                0x00000000       0x3c ..\obj\stm32f4xx_rcc.o
 .text.RCC_APB2PeriphResetCmd
                0x00000000       0x3c ..\obj\stm32f4xx_rcc.o
 .text.RCC_AHB1PeriphClockLPModeCmd
                0x00000000       0x3c ..\obj\stm32f4xx_rcc.o
 .text.RCC_AHB2PeriphClockLPModeCmd
                0x00000000       0x3c ..\obj\stm32f4xx_rcc.o
 .text.RCC_AHB3PeriphClockLPModeCmd
                0x00000000       0x3c ..\obj\stm32f4xx_rcc.o
 .text.RCC_APB1PeriphClockLPModeCmd
                0x00000000       0x3c ..\obj\stm32f4xx_rcc.o
 .text.RCC_APB2PeriphClockLPModeCmd
                0x00000000       0x3c ..\obj\stm32f4xx_rcc.o
 .text.RCC_ITConfig
                0x00000000       0x4c ..\obj\stm32f4xx_rcc.o
 .text.RCC_GetFlagStatus
                0x00000000       0x74 ..\obj\stm32f4xx_rcc.o
 .text.RCC_ClearFlag
                0x00000000       0x1c ..\obj\stm32f4xx_rcc.o
 .text.RCC_GetITStatus
                0x00000000       0x38 ..\obj\stm32f4xx_rcc.o
 .text.RCC_ClearITPendingBit
                0x00000000       0x20 ..\obj\stm32f4xx_rcc.o
 .text          0x00000000        0x0 ..\obj\millis.o
 .text.millis   0x00000000       0x18 ..\obj\millis.o
 .text          0x00000000        0x0 ..\obj\test.o
 .data          0x00000000        0x0 ..\obj\test.o
 .bss           0x00000000        0x0 ..\obj\test.o
 .debug_line    0x00000000        0x0 ..\obj\test.o
 .debug_str     0x00000000       0xb6 ..\obj\test.o
 .comment       0x00000000       0x71 ..\obj\test.o
 .ARM.attributes
                0x00000000       0x33 ..\obj\test.o
 .text          0x00000000        0x0 ..\obj\stm32f4xx_gpio.o
 .data          0x00000000        0x0 ..\obj\stm32f4xx_gpio.o
 .bss           0x00000000        0x0 ..\obj\stm32f4xx_gpio.o
 .text.GPIO_DeInit
                0x00000000      0x120 ..\obj\stm32f4xx_gpio.o
 .text.GPIO_StructInit
                0x00000000       0x34 ..\obj\stm32f4xx_gpio.o
 .text.GPIO_PinLockConfig
                0x00000000       0x44 ..\obj\stm32f4xx_gpio.o
 .text.GPIO_ReadInputDataBit
                0x00000000       0x34 ..\obj\stm32f4xx_gpio.o
 .text.GPIO_ReadInputData
                0x00000000       0x1c ..\obj\stm32f4xx_gpio.o
 .text.GPIO_ReadOutputDataBit
                0x00000000       0x34 ..\obj\stm32f4xx_gpio.o
 .text.GPIO_ReadOutputData
                0x00000000       0x1c ..\obj\stm32f4xx_gpio.o
 .text.GPIO_ResetBits
                0x00000000       0x1c ..\obj\stm32f4xx_gpio.o
 .text.GPIO_WriteBit
                0x00000000       0x30 ..\obj\stm32f4xx_gpio.o
 .text.GPIO_Write
                0x00000000       0x1c ..\obj\stm32f4xx_gpio.o
 .text.GPIO_ToggleBits
                0x00000000       0x24 ..\obj\stm32f4xx_gpio.o
 .text          0x00000000        0x0 ..\obj\system_stm32f4xx.o
 .bss           0x00000000        0x0 ..\obj\system_stm32f4xx.o
 .text.SystemCoreClockUpdate
                0x00000000       0xf8 ..\obj\system_stm32f4xx.o
 .text          0x00000000        0x0 ..\obj\stm32f4xx_dma.o
 .data          0x00000000        0x0 ..\obj\stm32f4xx_dma.o
 .bss           0x00000000        0x0 ..\obj\stm32f4xx_dma.o
 .text.DMA_StructInit
                0x00000000       0x6c ..\obj\stm32f4xx_dma.o
 .text.DMA_PeriphIncOffsetSizeConfig
                0x00000000       0x34 ..\obj\stm32f4xx_dma.o
 .text.DMA_FlowControllerConfig
                0x00000000       0x34 ..\obj\stm32f4xx_dma.o
 .text.DMA_GetCurrDataCounter
                0x00000000       0x1c ..\obj\stm32f4xx_dma.o
 .text.DMA_DoubleBufferModeConfig
                0x00000000       0x3c ..\obj\stm32f4xx_dma.o
 .text.DMA_DoubleBufferModeCmd
                0x00000000       0x38 ..\obj\stm32f4xx_dma.o
 .text.DMA_MemoryTargetConfig
                0x00000000       0x2c ..\obj\stm32f4xx_dma.o
 .text.DMA_GetCurrentMemoryTarget
                0x00000000       0x30 ..\obj\stm32f4xx_dma.o
 .text.DMA_GetCmdStatus
                0x00000000       0x30 ..\obj\stm32f4xx_dma.o
 .text.DMA_GetFIFOStatus
                0x00000000       0x24 ..\obj\stm32f4xx_dma.o
 .text.DMA_GetFlagStatus
                0x00000000       0x78 ..\obj\stm32f4xx_dma.o
 .text.DMA_ClearFlag
                0x00000000       0x5c ..\obj\stm32f4xx_dma.o
 .text          0x00000000        0x0 ..\obj\usart3.o
 .text.errorLED_composed
                0x00000000       0x2c ..\obj\usart3.o
 COMMON         0x00000000        0x4 ..\obj\usart3.o
 .text          0x00000000        0x0 ..\obj\stm32f4xx_exti.o
 .data          0x00000000        0x0 ..\obj\stm32f4xx_exti.o
 .bss           0x00000000        0x0 ..\obj\stm32f4xx_exti.o
 .text.EXTI_DeInit
                0x00000000       0x34 ..\obj\stm32f4xx_exti.o
 .text.EXTI_Init
                0x00000000       0xe4 ..\obj\stm32f4xx_exti.o
 .text.EXTI_StructInit
                0x00000000       0x2c ..\obj\stm32f4xx_exti.o
 .text.EXTI_GenerateSWInterrupt
                0x00000000       0x24 ..\obj\stm32f4xx_exti.o
 .text.EXTI_GetFlagStatus
                0x00000000       0x34 ..\obj\stm32f4xx_exti.o
 .text.EXTI_ClearFlag
                0x00000000       0x1c ..\obj\stm32f4xx_exti.o
 .text.EXTI_GetITStatus
                0x00000000       0x48 ..\obj\stm32f4xx_exti.o
 .text.EXTI_ClearITPendingBit
                0x00000000       0x1c ..\obj\stm32f4xx_exti.o
 .debug_info    0x00000000      0x347 ..\obj\stm32f4xx_exti.o
 .debug_abbrev  0x00000000      0x1a5 ..\obj\stm32f4xx_exti.o
 .debug_aranges
                0x00000000       0x58 ..\obj\stm32f4xx_exti.o
 .debug_ranges  0x00000000       0x48 ..\obj\stm32f4xx_exti.o
 .debug_line    0x00000000      0x2e5 ..\obj\stm32f4xx_exti.o
 .debug_str     0x00000000      0x364 ..\obj\stm32f4xx_exti.o
 .comment       0x00000000       0x71 ..\obj\stm32f4xx_exti.o
 .debug_frame   0x00000000      0x148 ..\obj\stm32f4xx_exti.o
 .ARM.attributes
                0x00000000       0x33 ..\obj\stm32f4xx_exti.o
 .text          0x00000000        0x0 ..\obj\misc.o
 .data          0x00000000        0x0 ..\obj\misc.o
 .bss           0x00000000        0x0 ..\obj\misc.o
 .text.NVIC_PriorityGroupConfig
                0x00000000       0x24 ..\obj\misc.o
 .text.NVIC_SetVectorTable
                0x00000000       0x2c ..\obj\misc.o
 .text.NVIC_SystemLPConfig
                0x00000000       0x40 ..\obj\misc.o
 .text.SysTick_CLKSourceConfig
                0x00000000       0x38 ..\obj\misc.o
 .text          0x00000000        0x0 ..\obj\stm32f4xx_tim.o
 .data          0x00000000        0x0 ..\obj\stm32f4xx_tim.o
 .bss           0x00000000        0x0 ..\obj\stm32f4xx_tim.o
 .text.TIM_DeInit
                0x00000000      0x1bc ..\obj\stm32f4xx_tim.o
 .text.TIM_TimeBaseStructInit
                0x00000000       0x34 ..\obj\stm32f4xx_tim.o
 .text.TIM_PrescalerConfig
                0x00000000       0x28 ..\obj\stm32f4xx_tim.o
 .text.TIM_CounterModeConfig
                0x00000000       0x38 ..\obj\stm32f4xx_tim.o
 .text.TIM_SetCounter
                0x00000000       0x1c ..\obj\stm32f4xx_tim.o
 .text.TIM_SetAutoreload
                0x00000000       0x1c ..\obj\stm32f4xx_tim.o
 .text.TIM_GetCounter
                0x00000000       0x18 ..\obj\stm32f4xx_tim.o
 .text.TIM_GetPrescaler
                0x00000000       0x1c ..\obj\stm32f4xx_tim.o
 .text.TIM_UpdateDisableConfig
                0x00000000       0x40 ..\obj\stm32f4xx_tim.o
 .text.TIM_UpdateRequestConfig
                0x00000000       0x40 ..\obj\stm32f4xx_tim.o
 .text.TIM_ARRPreloadConfig
                0x00000000       0x40 ..\obj\stm32f4xx_tim.o
 .text.TIM_SelectOnePulseMode
                0x00000000       0x38 ..\obj\stm32f4xx_tim.o
 .text.TIM_SetClockDivision
                0x00000000       0x38 ..\obj\stm32f4xx_tim.o
 .text.TIM_OC1Init
                0x00000000       0xf4 ..\obj\stm32f4xx_tim.o
 .text.TIM_OC2Init
                0x00000000      0x110 ..\obj\stm32f4xx_tim.o
 .text.TIM_OC3Init
                0x00000000      0x10c ..\obj\stm32f4xx_tim.o
 .text.TIM_OC4Init
                0x00000000       0xcc ..\obj\stm32f4xx_tim.o
 .text.TIM_OCStructInit
                0x00000000       0x44 ..\obj\stm32f4xx_tim.o
 .text.TIM_SelectOCxM
                0x00000000       0xb0 ..\obj\stm32f4xx_tim.o
 .text.TIM_SetCompare1
                0x00000000       0x1c ..\obj\stm32f4xx_tim.o
 .text.TIM_SetCompare2
                0x00000000       0x1c ..\obj\stm32f4xx_tim.o
 .text.TIM_SetCompare3
                0x00000000       0x1c ..\obj\stm32f4xx_tim.o
 .text.TIM_SetCompare4
                0x00000000       0x1c ..\obj\stm32f4xx_tim.o
 .text.TIM_ForcedOC1Config
                0x00000000       0x38 ..\obj\stm32f4xx_tim.o
 .text.TIM_ForcedOC2Config
                0x00000000       0x3c ..\obj\stm32f4xx_tim.o
 .text.TIM_ForcedOC3Config
                0x00000000       0x38 ..\obj\stm32f4xx_tim.o
 .text.TIM_ForcedOC4Config
                0x00000000       0x3c ..\obj\stm32f4xx_tim.o
 .text.TIM_OC1PreloadConfig
                0x00000000       0x38 ..\obj\stm32f4xx_tim.o
 .text.TIM_OC2PreloadConfig
                0x00000000       0x3c ..\obj\stm32f4xx_tim.o
 .text.TIM_OC3PreloadConfig
                0x00000000       0x38 ..\obj\stm32f4xx_tim.o
 .text.TIM_OC4PreloadConfig
                0x00000000       0x3c ..\obj\stm32f4xx_tim.o
 .text.TIM_OC1FastConfig
                0x00000000       0x38 ..\obj\stm32f4xx_tim.o
 .text.TIM_OC2FastConfig
                0x00000000       0x3c ..\obj\stm32f4xx_tim.o
 .text.TIM_OC3FastConfig
                0x00000000       0x38 ..\obj\stm32f4xx_tim.o
 .text.TIM_OC4FastConfig
                0x00000000       0x3c ..\obj\stm32f4xx_tim.o
 .text.TIM_ClearOC1Ref
                0x00000000       0x38 ..\obj\stm32f4xx_tim.o
 .text.TIM_ClearOC2Ref
                0x00000000       0x3c ..\obj\stm32f4xx_tim.o
 .text.TIM_ClearOC3Ref
                0x00000000       0x38 ..\obj\stm32f4xx_tim.o
 .text.TIM_ClearOC4Ref
                0x00000000       0x3c ..\obj\stm32f4xx_tim.o
 .text.TIM_OC1PolarityConfig
                0x00000000       0x38 ..\obj\stm32f4xx_tim.o
 .text.TIM_OC1NPolarityConfig
                0x00000000       0x38 ..\obj\stm32f4xx_tim.o
 .text.TIM_OC2PolarityConfig
                0x00000000       0x3c ..\obj\stm32f4xx_tim.o
 .text.TIM_OC2NPolarityConfig
                0x00000000       0x3c ..\obj\stm32f4xx_tim.o
 .text.TIM_OC3PolarityConfig
                0x00000000       0x3c ..\obj\stm32f4xx_tim.o
 .text.TIM_OC3NPolarityConfig
                0x00000000       0x3c ..\obj\stm32f4xx_tim.o
 .text.TIM_OC4PolarityConfig
                0x00000000       0x3c ..\obj\stm32f4xx_tim.o
 .text.TIM_CCxCmd
                0x00000000       0x54 ..\obj\stm32f4xx_tim.o
 .text.TIM_CCxNCmd
                0x00000000       0x54 ..\obj\stm32f4xx_tim.o
 .text.TIM_ICInit
                0x00000000       0xa8 ..\obj\stm32f4xx_tim.o
 .text.TIM_ICStructInit
                0x00000000       0x30 ..\obj\stm32f4xx_tim.o
 .text.TIM_PWMIConfig
                0x00000000       0xb8 ..\obj\stm32f4xx_tim.o
 .text.TIM_GetCapture1
                0x00000000       0x18 ..\obj\stm32f4xx_tim.o
 .text.TIM_GetCapture2
                0x00000000       0x18 ..\obj\stm32f4xx_tim.o
 .text.TIM_GetCapture3
                0x00000000       0x18 ..\obj\stm32f4xx_tim.o
 .text.TIM_GetCapture4
                0x00000000       0x18 ..\obj\stm32f4xx_tim.o
 .text.TIM_SetIC1Prescaler
                0x00000000       0x38 ..\obj\stm32f4xx_tim.o
 .text.TIM_SetIC2Prescaler
                0x00000000       0x3c ..\obj\stm32f4xx_tim.o
 .text.TIM_SetIC3Prescaler
                0x00000000       0x38 ..\obj\stm32f4xx_tim.o
 .text.TIM_SetIC4Prescaler
                0x00000000       0x3c ..\obj\stm32f4xx_tim.o
 .text.TIM_BDTRConfig
                0x00000000       0x50 ..\obj\stm32f4xx_tim.o
 .text.TIM_BDTRStructInit
                0x00000000       0x3c ..\obj\stm32f4xx_tim.o
 .text.TIM_CtrlPWMOutputs
                0x00000000       0x4c ..\obj\stm32f4xx_tim.o
 .text.TIM_SelectCOM
                0x00000000       0x40 ..\obj\stm32f4xx_tim.o
 .text.TIM_CCPreloadControl
                0x00000000       0x40 ..\obj\stm32f4xx_tim.o
 .text.TIM_GenerateEvent
                0x00000000       0x1c ..\obj\stm32f4xx_tim.o
 .text.TIM_GetFlagStatus
                0x00000000       0x38 ..\obj\stm32f4xx_tim.o
 .text.TIM_ClearFlag
                0x00000000       0x20 ..\obj\stm32f4xx_tim.o
 .text.TIM_GetITStatus
                0x00000000       0x54 ..\obj\stm32f4xx_tim.o
 .text.TIM_DMAConfig
                0x00000000       0x28 ..\obj\stm32f4xx_tim.o
 .text.TIM_DMACmd
                0x00000000       0x48 ..\obj\stm32f4xx_tim.o
 .text.TIM_SelectCCDMA
                0x00000000       0x40 ..\obj\stm32f4xx_tim.o
 .text.TIM_InternalClockConfig
                0x00000000       0x24 ..\obj\stm32f4xx_tim.o
 .text.TIM_ITRxExternalClockConfig
                0x00000000       0x2c ..\obj\stm32f4xx_tim.o
 .text.TIM_TIxExternalClockConfig
                0x00000000       0x60 ..\obj\stm32f4xx_tim.o
 .text.TIM_ETRClockMode1Config
                0x00000000       0x5c ..\obj\stm32f4xx_tim.o
 .text.TIM_ETRClockMode2Config
                0x00000000       0x3c ..\obj\stm32f4xx_tim.o
 .text.TIM_SelectInputTrigger
                0x00000000       0x38 ..\obj\stm32f4xx_tim.o
 .text.TIM_SelectOutputTrigger
                0x00000000       0x38 ..\obj\stm32f4xx_tim.o
 .text.TIM_SelectSlaveMode
                0x00000000       0x38 ..\obj\stm32f4xx_tim.o
 .text.TIM_SelectMasterSlaveMode
                0x00000000       0x38 ..\obj\stm32f4xx_tim.o
 .text.TIM_ETRConfig
                0x00000000       0x54 ..\obj\stm32f4xx_tim.o
 .text.TIM_EncoderInterfaceConfig
                0x00000000       0x98 ..\obj\stm32f4xx_tim.o
 .text.TIM_SelectHallSensor
                0x00000000       0x40 ..\obj\stm32f4xx_tim.o
 .text.TIM_RemapConfig
                0x00000000       0x20 ..\obj\stm32f4xx_tim.o
 .text.TI1_Config
                0x00000000       0x84 ..\obj\stm32f4xx_tim.o
 .text.TI2_Config
                0x00000000       0x98 ..\obj\stm32f4xx_tim.o
 .text.TI3_Config
                0x00000000       0x90 ..\obj\stm32f4xx_tim.o
 .text.TI4_Config
                0x00000000       0x9c ..\obj\stm32f4xx_tim.o
 .text          0x00000000        0x0 ..\obj\usart_handler.o
 .data          0x00000000        0x0 ..\obj\usart_handler.o
 .bss           0x00000000        0x0 ..\obj\usart_handler.o
 .debug_info    0x00000000       0x8e ..\obj\usart_handler.o
 .debug_abbrev  0x00000000       0x49 ..\obj\usart_handler.o
 .debug_aranges
                0x00000000       0x18 ..\obj\usart_handler.o
 .debug_line    0x00000000      0x12f ..\obj\usart_handler.o
 .debug_str     0x00000000      0x16b ..\obj\usart_handler.o
 .comment       0x00000000       0x71 ..\obj\usart_handler.o
 .ARM.attributes
                0x00000000       0x33 ..\obj\usart_handler.o

Memory Configuration

Name             Origin             Length             Attributes
rom              0x08000000         0x00100000         xr
ram              0x20000000         0x00020000         xrw
ram1             0x10000000         0x00010000         xrw
*default*        0x00000000         0xffffffff

Linker script and memory map

                0x20020000                _eram = 0x20020000

.text           0x08000000     0x21ae
 *(.isr_vector)
 .isr_vector    0x08000000      0x188 ..\obj\startup_stm32f4xx.o
                0x08000000                g_pfnVectors
 *(.text*)
 .text.USART_Init
                0x08000188      0x178 ..\obj\stm32f4xx_usart.o
                0x08000188                USART_Init
 .text.USART_Cmd
                0x08000300       0x40 ..\obj\stm32f4xx_usart.o
                0x08000300                USART_Cmd
 .text.USART_ReceiveData
                0x08000340       0x20 ..\obj\stm32f4xx_usart.o
                0x08000340                USART_ReceiveData
 .text.USART_DMACmd
                0x08000360       0x48 ..\obj\stm32f4xx_usart.o
                0x08000360                USART_DMACmd
 .text.USART_ITConfig
                0x080003a8       0x90 ..\obj\stm32f4xx_usart.o
                0x080003a8                USART_ITConfig
 .text.USART_GetITStatus
                0x08000438       0xb8 ..\obj\stm32f4xx_usart.o
                0x08000438                USART_GetITStatus
 .text.USART_ClearITPendingBit
                0x080004f0       0x38 ..\obj\stm32f4xx_usart.o
                0x080004f0                USART_ClearITPendingBit
 .text.Default_Reset_Handler
                0x08000528       0x58 ..\obj\startup_stm32f4xx.o
                0x08000528                Default_Reset_Handler
                0x08000528                Reset_Handler
 .text.Default_Handler
                0x08000580        0x8 ..\obj\startup_stm32f4xx.o
                0x08000580                RTC_Alarm_IRQHandler
                0x08000580                HASH_RNG_IRQHandler
                0x08000580                EXTI2_IRQHandler
                0x08000580                TIM8_CC_IRQHandler
                0x08000580                DebugMon_Handler
                0x08000580                TIM1_CC_IRQHandler
                0x08000580                DMA2_Stream5_IRQHandler
                0x08000580                HardFault_Handler
                0x08000580                DMA1_Stream5_IRQHandler
                0x08000580                PVD_IRQHandler
                0x08000580                SDIO_IRQHandler
                0x08000580                TAMP_STAMP_IRQHandler
                0x08000580                PendSV_Handler
                0x08000580                NMI_Handler
                0x08000580                CAN2_RX1_IRQHandler
                0x08000580                EXTI3_IRQHandler
                0x08000580                TIM8_TRG_COM_TIM14_IRQHandler
                0x08000580                TIM1_UP_TIM10_IRQHandler
                0x08000580                TIM8_UP_TIM13_IRQHandler
                0x08000580                I2C3_ER_IRQHandler
                0x08000580                EXTI0_IRQHandler
                0x08000580                I2C2_EV_IRQHandler
                0x08000580                DMA1_Stream2_IRQHandler
                0x08000580                CAN1_RX0_IRQHandler
                0x08000580                FPU_IRQHandler
                0x08000580                OTG_HS_WKUP_IRQHandler
                0x08000580                UsageFault_Handler
                0x08000580                CAN2_SCE_IRQHandler
                0x08000580                DMA2_Stream2_IRQHandler
                0x08000580                SPI1_IRQHandler
                0x08000580                TIM6_DAC_IRQHandler
                0x08000580                TIM1_BRK_TIM9_IRQHandler
                0x08000580                DCMI_IRQHandler
                0x08000580                CAN2_RX0_IRQHandler
                0x08000580                DMA2_Stream3_IRQHandler
                0x08000580                USART6_IRQHandler
                0x08000580                CRYP_IRQHandler
                0x08000580                CAN1_RX1_IRQHandler
                0x08000580                UART5_IRQHandler
                0x08000580                DMA2_Stream0_IRQHandler
                0x08000580                TIM4_IRQHandler
                0x08000580                I2C1_EV_IRQHandler
                0x08000580                DMA1_Stream6_IRQHandler
                0x08000580                UART4_IRQHandler
                0x08000580                RCC_IRQHandler
                0x08000580                TIM8_BRK_TIM12_IRQHandler
                0x08000580                EXTI15_10_IRQHandler
                0x08000580                ADC_IRQHandler
                0x08000580                DMA1_Stream7_IRQHandler
                0x08000580                TIM7_IRQHandler
                0x08000580                CAN2_TX_IRQHandler
                0x08000580                TIM5_IRQHandler
                0x08000580                I2C3_EV_IRQHandler
                0x08000580                EXTI9_5_IRQHandler
                0x08000580                RTC_WKUP_IRQHandler
                0x08000580                ETH_WKUP_IRQHandler
                0x08000580                SPI2_IRQHandler
                0x08000580                OTG_HS_EP1_IN_IRQHandler
                0x08000580                MemManage_Handler
                0x08000580                DMA1_Stream0_IRQHandler
                0x08000580                CAN1_TX_IRQHandler
                0x08000580                SVC_Handler
                0x08000580                EXTI4_IRQHandler
                0x08000580                FSMC_IRQHandler
                0x08000580                ETH_IRQHandler
                0x08000580                OTG_HS_EP1_OUT_IRQHandler
                0x08000580                WWDG_IRQHandler
                0x08000580                TIM2_IRQHandler
                0x08000580                OTG_FS_WKUP_IRQHandler
                0x08000580                TIM1_TRG_COM_TIM11_IRQHandler
                0x08000580                OTG_HS_IRQHandler
                0x08000580                EXTI1_IRQHandler
                0x08000580                USART2_IRQHandler
                0x08000580                I2C2_ER_IRQHandler
                0x08000580                DMA2_Stream1_IRQHandler
                0x08000580                CAN1_SCE_IRQHandler
                0x08000580                FLASH_IRQHandler
                0x08000580                DMA2_Stream4_IRQHandler
                0x08000580                BusFault_Handler
                0x08000580                USART1_IRQHandler
                0x08000580                OTG_FS_IRQHandler
                0x08000580                SPI3_IRQHandler
                0x08000580                DMA1_Stream4_IRQHandler
                0x08000580                I2C1_ER_IRQHandler
                0x08000580                DMA2_Stream6_IRQHandler
                0x08000580                DMA1_Stream3_IRQHandler
 .text.NVIC_Configuration
                0x08000588       0x54 ..\obj\initialsetting.o
                0x08000588                NVIC_Configuration
 .text.GPIO_Configuration
                0x080005dc       0x64 ..\obj\initialsetting.o
                0x080005dc                GPIO_Configuration
 .text.USART1_Configuration
                0x08000640      0x128 ..\obj\initialsetting.o
                0x08000640                USART1_Configuration
 .text.SysTick_Handler
                0x08000768       0x24 ..\obj\initialsetting.o
                0x08000768                SysTick_Handler
 .text.tdelay   0x0800078c       0x28 ..\obj\initialsetting.o
                0x0800078c                tdelay
 .text.NVIC_SetPriority
                0x080007b4       0x54 ..\obj\main.o
 .text.SysTick_Config
                0x08000808       0x44 ..\obj\main.o
 .text.main     0x0800084c       0x60 ..\obj\main.o
                0x0800084c                main
 .text.do_motion
                0x080008ac       0x24 ..\obj\make_motion.o
                0x080008ac                do_motion
 .text.select_motion
                0x080008d0      0x25c ..\obj\make_motion.o
                0x080008d0                select_motion
 .text.torque_on
                0x08000b2c       0xd8 ..\obj\make_motion.o
                0x08000b2c                torque_on
 .text.torque_off
                0x08000c04       0xd8 ..\obj\make_motion.o
                0x08000c04                torque_off
 .text.data_to_motion
                0x08000cdc      0x504 ..\obj\make_motion.o
                0x08000cdc                data_to_motion
 .text.send_data
                0x080011e0       0x30 ..\obj\make_motion.o
                0x080011e0                send_data
 .text.errorLED_command
                0x08001210        0xc ..\obj\make_motion.o
                0x08001210                errorLED_command
 .text.DMA2_Stream7_IRQHandler
                0x0800121c       0x24 ..\obj\make_motion.o
                0x0800121c                DMA2_Stream7_IRQHandler
 .text.RCC_GetClocksFreq
                0x08001240      0x154 ..\obj\stm32f4xx_rcc.o
                0x08001240                RCC_GetClocksFreq
 .text.RCC_AHB1PeriphClockCmd
                0x08001394       0x3c ..\obj\stm32f4xx_rcc.o
                0x08001394                RCC_AHB1PeriphClockCmd
 .text.RCC_APB1PeriphClockCmd
                0x080013d0       0x3c ..\obj\stm32f4xx_rcc.o
                0x080013d0                RCC_APB1PeriphClockCmd
 .text.RCC_APB2PeriphClockCmd
                0x0800140c       0x3c ..\obj\stm32f4xx_rcc.o
                0x0800140c                RCC_APB2PeriphClockCmd
 .text.TIM3_Configuration
                0x08001448       0x6c ..\obj\millis.o
                0x08001448                TIM3_Configuration
 .text.migration_checker
                0x080014b4       0x7c ..\obj\millis.o
                0x080014b4                migration_checker
 .text.millis_test
                0x08001530      0x110 ..\obj\millis.o
                0x08001530                millis_test
 .text.TIM3_IRQHandler
                0x08001640       0x20 ..\obj\millis.o
                0x08001640                TIM3_IRQHandler
 .text.GPIO_Init
                0x08001660      0x11c ..\obj\stm32f4xx_gpio.o
                0x08001660                GPIO_Init
 .text.GPIO_SetBits
                0x0800177c       0x1c ..\obj\stm32f4xx_gpio.o
                0x0800177c                GPIO_SetBits
 .text.GPIO_PinAFConfig
                0x08001798       0x90 ..\obj\stm32f4xx_gpio.o
                0x08001798                GPIO_PinAFConfig
 .text.SystemInit
                0x08001828       0x58 ..\obj\system_stm32f4xx.o
                0x08001828                SystemInit
 .text.SetSysClock
                0x08001880       0xf4 ..\obj\system_stm32f4xx.o
 .text.DMA_DeInit
                0x08001974      0x1a4 ..\obj\stm32f4xx_dma.o
                0x08001974                DMA_DeInit
 .text.DMA_Init
                0x08001b18       0xac ..\obj\stm32f4xx_dma.o
                0x08001b18                DMA_Init
 .text.DMA_Cmd  0x08001bc4       0x38 ..\obj\stm32f4xx_dma.o
                0x08001bc4                DMA_Cmd
 .text.DMA_SetCurrDataCounter
                0x08001bfc       0x1c ..\obj\stm32f4xx_dma.o
                0x08001bfc                DMA_SetCurrDataCounter
 .text.DMA_ITConfig
                0x08001c18       0x74 ..\obj\stm32f4xx_dma.o
                0x08001c18                DMA_ITConfig
 .text.DMA_GetITStatus
                0x08001c8c       0xb0 ..\obj\stm32f4xx_dma.o
                0x08001c8c                DMA_GetITStatus
 .text.DMA_ClearITPendingBit
                0x08001d3c       0x5c ..\obj\stm32f4xx_dma.o
                0x08001d3c                DMA_ClearITPendingBit
 .text.USART3_Configuration
                0x08001d98       0xb0 ..\obj\usart3.o
                0x08001d98                USART3_Configuration
 .text.DMA1_Stream1_IRQHandler
                0x08001e48        0xc ..\obj\usart3.o
                0x08001e48                DMA1_Stream1_IRQHandler
 .text.USART3_IRQHandler
                0x08001e54      0x118 ..\obj\usart3.o
                0x08001e54                USART3_IRQHandler
 .text.NVIC_Init
                0x08001f6c       0xc0 ..\obj\misc.o
                0x08001f6c                NVIC_Init
 .text.TIM_TimeBaseInit
                0x0800202c       0xd4 ..\obj\stm32f4xx_tim.o
                0x0800202c                TIM_TimeBaseInit
 .text.TIM_Cmd  0x08002100       0x40 ..\obj\stm32f4xx_tim.o
                0x08002100                TIM_Cmd
 .text.TIM_ITConfig
                0x08002140       0x48 ..\obj\stm32f4xx_tim.o
                0x08002140                TIM_ITConfig
 .text.TIM_ClearITPendingBit
                0x08002188       0x20 ..\obj\stm32f4xx_tim.o
                0x08002188                TIM_ClearITPendingBit
 *(.init)
 *(.fini)
 *crtbegin.o(.ctors)
 *crtbegin?.o(.ctors)
 *(EXCLUDE_FILE(*crtend.o *crtend?.o) .ctors)
 *(SORT(.ctors.*))
 *(.ctors)
 *crtbegin.o(.dtors)
 *crtbegin?.o(.dtors)
 *(EXCLUDE_FILE(*crtend.o *crtend?.o) .dtors)
 *(SORT(.dtors.*))
 *(.dtors)
 *(.rodata*)
 .rodata        0x080021a8        0x6 ..\obj\millis.o
 *(.eh_fram e*)

.glue_7         0x080021b0        0x0
 .glue_7        0x00000000        0x0 linker stubs

.glue_7t        0x080021b0        0x0
 .glue_7t       0x00000000        0x0 linker stubs

.vfp11_veneer   0x080021b0        0x0
 .vfp11_veneer  0x00000000        0x0 linker stubs

.v4_bx          0x080021b0        0x0
 .v4_bx         0x00000000        0x0 linker stubs

.iplt           0x080021b0        0x0
 .iplt          0x00000000        0x0 ..\obj\test_motion.o

.rel.dyn        0x080021b0        0x0
 .rel.iplt      0x00000000        0x0 ..\obj\test_motion.o

.ARM.extab
 *(.ARM.extab* .gnu.linkonce.armextab.*)
                0x080021b0                __exidx_start = .

.ARM.exidx
 *(.ARM.exidx* .gnu.linkonce.armexidx.*)
                0x080021b0                __exidx_end = .
                0x080021b0                __etext = .
                0x080021ae                _sidata = __etext

.data           0x20000000     0x110c load address 0x080021ae
                0x20000000                __data_start__ = .
                0x20000000                _sdata = __data_start__
 *(vtable)
 *(.data*)
 .data          0x20000000     0x10dc ..\obj\test_motion.o
                0x20000000                test_Start
                0x20000014                test_End
                0x20000028                test_Test
                0x2000003c                Templete
                0x200000bc                Neutral
                0x2000013c                Walk_behind_Loop
                0x2000028c                Walk_behind_End
                0x20000360                Walk_front_Start
                0x200003e0                Walk_front_Loop
                0x20000584                Walk_front_End
                0x2000062c                Walk_left_Loop
                0x20000728                Walk_left_End
                0x200007fc                Walk_right_Loop
                0x200008f8                Walk_right_End
                0x200009cc                Atk_left
                0x20000b1c                Atk_right
                0x20000c6c                Stand_front
                0x20000de8                Stand_behind
                0x20000f38                Banzai
                0x20001034                Tehuri
 .data          0x200010dc        0x1 ..\obj\make_motion.o
 *fill*         0x200010dd        0x3 
 .data          0x200010e0       0x10 ..\obj\stm32f4xx_rcc.o
 .data          0x200010f0        0x4 ..\obj\millis.o
                0x200010f0                maxperiod
 .data          0x200010f4       0x14 ..\obj\system_stm32f4xx.o
                0x200010f4                SystemCoreClock
                0x200010f8                AHBPrescTable
 .data          0x20001108        0x4 ..\obj\usart3.o
                0x20001108                commandfull
                0x2000110a                precommandfull
                0x2000110c                . = ALIGN (0x4)
                0x2000110c                PROVIDE (__preinit_array_start, .)
 *(.preinit_array)
                0x2000110c                PROVIDE (__preinit_array_end, .)
                0x2000110c                . = ALIGN (0x4)
                0x2000110c                PROVIDE (__init_array_start, .)
 *(SORT(.init_array.*))
 *(.init_array)
                0x2000110c                PROVIDE (__init_array_end, .)
                0x2000110c                . = ALIGN (0x4)
                0x2000110c                PROVIDE (__fini_array_start, .)
 *(SORT(.fini_array.*))
 *(.fini_array)
                0x2000110c                PROVIDE (__fini_array_end, .)
 *(.jcr*)
                0x2000110c                . = ALIGN (0x4)
                0x2000110c                __data_end__ = .
                0x2000110c                _edata = __data_end__

.igot.plt       0x2000110c        0x0 load address 0x080032bc
 .igot.plt      0x00000000        0x0 ..\obj\test_motion.o

.bss            0x2000110c     0x2724 load address 0x080032bc
                0x2000110c                . = ALIGN (0x4)
                0x2000110c                __bss_start__ = .
                0x2000110c                _sbss = __bss_start__
 *(.bss*)
 .bss           0x2000110c        0x2 ..\obj\make_motion.o
                0x2000110c                motionphase
 *fill*         0x2000110e        0x2 
 .bss           0x20001110        0x4 ..\obj\millis.o
                0x20001110                period
 .bss           0x20001114        0x4 ..\obj\usart3.o
 *(COMMON)
 COMMON         0x20001118        0x4 ..\obj\initialsetting.o
                0x20001118                timingdelay
 COMMON         0x2000111c     0x2714 ..\obj\make_motion.o
                0x2000111c                numofbuf
                0x20001120                sendbuf
                0x20003830                . = ALIGN (0x4)
                0x20003830                __bss_end__ = .
                0x20003830                _ebss = __bss_end__

.heap           0x20003830        0x0
                0x20003830                __end__ = .
                0x20003830                _end = __end__
                0x20003830                end = __end__
 *(.heap*)
                0x20003830                __HeapLimit = .

.co_stack       0x20003830      0x800 load address 0x080059e0
                0x20003830                . = ALIGN (0x8)
 *(.co_stack .co_stack.*)
 .co_stack      0x20003830      0x800 ..\obj\startup_stm32f4xx.o
                0x20003830                pulStack
                0x20020000                __StackTop = (ORIGIN (ram) + 0x20000)
                0x2001f800                __StackLimit = (__StackTop - SIZEOF (.co_stack))
                0x20020000                PROVIDE (__stack, __StackTop)
                0x00000001                ASSERT ((__StackLimit >= __HeapLimit), region ram  overflowed with stack)
LOAD ..\obj\test_motion.o
LOAD ..\obj\stm32f4xx_usart.o
LOAD ..\obj\startup_stm32f4xx.o
LOAD ..\obj\initialsetting.o
LOAD ..\obj\main.o
LOAD ..\obj\make_motion.o
LOAD ..\obj\stm32f4xx_rcc.o
LOAD ..\obj\millis.o
LOAD ..\obj\test.o
LOAD ..\obj\stm32f4xx_gpio.o
LOAD ..\obj\system_stm32f4xx.o
LOAD ..\obj\stm32f4xx_dma.o
LOAD ..\obj\usart3.o
LOAD ..\obj\stm32f4xx_exti.o
LOAD ..\obj\misc.o
LOAD ..\obj\stm32f4xx_tim.o
LOAD ..\obj\usart_handler.o
START GROUP
LOAD c:/program files (x86)/gnu tools arm embedded/4.9 2015q2/bin/../lib/gcc/arm-none-eabi/4.9.3/armv7e-m\libgcc.a
LOAD c:/program files (x86)/gnu tools arm embedded/4.9 2015q2/bin/../lib/gcc/arm-none-eabi/4.9.3/../../../../arm-none-eabi/lib/armv7e-m\libg.a
LOAD c:/program files (x86)/gnu tools arm embedded/4.9 2015q2/bin/../lib/gcc/arm-none-eabi/4.9.3/../../../../arm-none-eabi/lib/armv7e-m\libc.a
END GROUP
OUTPUT(shinkanjissou0412.elf elf32-littlearm)

.debug_info     0x00000000     0x7264
 .debug_info    0x00000000      0x2a8 ..\obj\test_motion.o
 .debug_info    0x000002a8      0x9c2 ..\obj\stm32f4xx_usart.o
 .debug_info    0x00000c6a       0xed ..\obj\startup_stm32f4xx.o
 .debug_info    0x00000d57      0x85a ..\obj\initialsetting.o
 .debug_info    0x000015b1      0x845 ..\obj\main.o
 .debug_info    0x00001df6      0x570 ..\obj\make_motion.o
 .debug_info    0x00002366      0xc4d ..\obj\stm32f4xx_rcc.o
 .debug_info    0x00002fb3      0x6fa ..\obj\millis.o
 .debug_info    0x000036ad      0x602 ..\obj\stm32f4xx_gpio.o
 .debug_info    0x00003caf      0x592 ..\obj\system_stm32f4xx.o
 .debug_info    0x00004241      0x739 ..\obj\stm32f4xx_dma.o
 .debug_info    0x0000497a      0x74c ..\obj\usart3.o
 .debug_info    0x000050c6      0x53d ..\obj\misc.o
 .debug_info    0x00005603     0x1c61 ..\obj\stm32f4xx_tim.o

.debug_abbrev   0x00000000     0x129b
 .debug_abbrev  0x00000000       0x6c ..\obj\test_motion.o
 .debug_abbrev  0x0000006c      0x155 ..\obj\stm32f4xx_usart.o
 .debug_abbrev  0x000001c1       0xb0 ..\obj\startup_stm32f4xx.o
 .debug_abbrev  0x00000271      0x17a ..\obj\initialsetting.o
 .debug_abbrev  0x000003eb      0x184 ..\obj\main.o
 .debug_abbrev  0x0000056f      0x156 ..\obj\make_motion.o
 .debug_abbrev  0x000006c5      0x1e3 ..\obj\stm32f4xx_rcc.o
 .debug_abbrev  0x000008a8      0x198 ..\obj\millis.o
 .debug_abbrev  0x00000a40      0x1a3 ..\obj\stm32f4xx_gpio.o
 .debug_abbrev  0x00000be3      0x136 ..\obj\system_stm32f4xx.o
 .debug_abbrev  0x00000d19      0x155 ..\obj\stm32f4xx_dma.o
 .debug_abbrev  0x00000e6e      0x161 ..\obj\usart3.o
 .debug_abbrev  0x00000fcf      0x145 ..\obj\misc.o
 .debug_abbrev  0x00001114      0x187 ..\obj\stm32f4xx_tim.o

.debug_aranges  0x00000000      0x8a0
 .debug_aranges
                0x00000000       0x18 ..\obj\test_motion.o
 .debug_aranges
                0x00000018      0x100 ..\obj\stm32f4xx_usart.o
 .debug_aranges
                0x00000118       0x28 ..\obj\startup_stm32f4xx.o
 .debug_aranges
                0x00000140       0x40 ..\obj\initialsetting.o
 .debug_aranges
                0x00000180       0x38 ..\obj\main.o
 .debug_aranges
                0x000001b8       0x58 ..\obj\make_motion.o
 .debug_aranges
                0x00000210      0x178 ..\obj\stm32f4xx_rcc.o
 .debug_aranges
                0x00000388       0x40 ..\obj\millis.o
 .debug_aranges
                0x000003c8       0x88 ..\obj\stm32f4xx_gpio.o
 .debug_aranges
                0x00000450       0x30 ..\obj\system_stm32f4xx.o
 .debug_aranges
                0x00000480       0xb0 ..\obj\stm32f4xx_dma.o
 .debug_aranges
                0x00000530       0x38 ..\obj\usart3.o
 .debug_aranges
                0x00000568       0x40 ..\obj\misc.o
 .debug_aranges
                0x000005a8      0x2f8 ..\obj\stm32f4xx_tim.o

.debug_line     0x00000000     0x3236
 .debug_line    0x00000000      0x173 ..\obj\test_motion.o
 .debug_line    0x00000173      0x4e2 ..\obj\stm32f4xx_usart.o
 .debug_line    0x00000655       0xac ..\obj\startup_stm32f4xx.o
 .debug_line    0x00000701      0x2f0 ..\obj\initialsetting.o
 .debug_line    0x000009f1      0x267 ..\obj\main.o
 .debug_line    0x00000c58      0x3a8 ..\obj\make_motion.o
 .debug_line    0x00001000      0x5e1 ..\obj\stm32f4xx_rcc.o
 .debug_line    0x000015e1      0x2ac ..\obj\millis.o
 .debug_line    0x0000188d      0x383 ..\obj\stm32f4xx_gpio.o
 .debug_line    0x00001c10      0x218 ..\obj\system_stm32f4xx.o
 .debug_line    0x00001e28      0x41c ..\obj\stm32f4xx_dma.o
 .debug_line    0x00002244      0x2c3 ..\obj\usart3.o
 .debug_line    0x00002507      0x285 ..\obj\misc.o
 .debug_line    0x0000278c      0xaaa ..\obj\stm32f4xx_tim.o

.debug_str      0x00000000     0x2c59
 .debug_str     0x00000000      0x22d ..\obj\test_motion.o
                                0x271 (size before relaxing)
 .debug_str     0x0000022d      0x533 ..\obj\stm32f4xx_usart.o
                                0x69a (size before relaxing)
 .debug_str     0x00000760       0xbb ..\obj\startup_stm32f4xx.o
                                0x152 (size before relaxing)
 .debug_str     0x0000081b      0x922 ..\obj\initialsetting.o
                                0xb74 (size before relaxing)
 .debug_str     0x0000113d      0x131 ..\obj\main.o
                                0x836 (size before relaxing)
 .debug_str     0x0000126e       0xf8 ..\obj\make_motion.o
                                0x3f7 (size before relaxing)
 .debug_str     0x00001366      0x5ee ..\obj\stm32f4xx_rcc.o
                                0x85b (size before relaxing)
 .debug_str     0x00001954      0x1c4 ..\obj\millis.o
                                0x93a (size before relaxing)
 .debug_str     0x00001b18      0x19e ..\obj\stm32f4xx_gpio.o
                                0x4ae (size before relaxing)
 .debug_str     0x00001cb6       0xbf ..\obj\system_stm32f4xx.o
                                0x3b5 (size before relaxing)
 .debug_str     0x00001d75      0x27f ..\obj\stm32f4xx_dma.o
                                0x54d (size before relaxing)
 .debug_str     0x00001ff4       0xb6 ..\obj\usart3.o
                                0xa5e (size before relaxing)
 .debug_str     0x000020aa      0x11e ..\obj\misc.o
                                0x3d9 (size before relaxing)
 .debug_str     0x000021c8      0xa91 ..\obj\stm32f4xx_tim.o
                                0xddb (size before relaxing)

.comment        0x00000000       0x70
 .comment       0x00000000       0x70 ..\obj\test_motion.o
                                 0x71 (size before relaxing)
 .comment       0x00000000       0x71 ..\obj\stm32f4xx_usart.o
 .comment       0x00000000       0x71 ..\obj\startup_stm32f4xx.o
 .comment       0x00000000       0x71 ..\obj\initialsetting.o
 .comment       0x00000000       0x71 ..\obj\main.o
 .comment       0x00000000       0x71 ..\obj\make_motion.o
 .comment       0x00000000       0x71 ..\obj\stm32f4xx_rcc.o
 .comment       0x00000000       0x71 ..\obj\millis.o
 .comment       0x00000000       0x71 ..\obj\stm32f4xx_gpio.o
 .comment       0x00000000       0x71 ..\obj\system_stm32f4xx.o
 .comment       0x00000000       0x71 ..\obj\stm32f4xx_dma.o
 .comment       0x00000000       0x71 ..\obj\usart3.o
 .comment       0x00000000       0x71 ..\obj\misc.o
 .comment       0x00000000       0x71 ..\obj\stm32f4xx_tim.o

.ARM.attributes
                0x00000000       0x33
 .ARM.attributes
                0x00000000       0x33 ..\obj\test_motion.o
 .ARM.attributes
                0x00000033       0x33 ..\obj\stm32f4xx_usart.o
 .ARM.attributes
                0x00000066       0x33 ..\obj\startup_stm32f4xx.o
 .ARM.attributes
                0x00000099       0x33 ..\obj\initialsetting.o
 .ARM.attributes
                0x000000cc       0x33 ..\obj\main.o
 .ARM.attributes
                0x000000ff       0x33 ..\obj\make_motion.o
 .ARM.attributes
                0x00000132       0x33 ..\obj\stm32f4xx_rcc.o
 .ARM.attributes
                0x00000165       0x33 ..\obj\millis.o
 .ARM.attributes
                0x00000198       0x33 ..\obj\stm32f4xx_gpio.o
 .ARM.attributes
                0x000001cb       0x33 ..\obj\system_stm32f4xx.o
 .ARM.attributes
                0x000001fe       0x33 ..\obj\stm32f4xx_dma.o
 .ARM.attributes
                0x00000231       0x33 ..\obj\usart3.o
 .ARM.attributes
                0x00000264       0x33 ..\obj\misc.o
 .ARM.attributes
                0x00000297       0x33 ..\obj\stm32f4xx_tim.o

.debug_ranges   0x00000000      0x7b8
 .debug_ranges  0x00000000       0xf0 ..\obj\stm32f4xx_usart.o
 .debug_ranges  0x000000f0       0x18 ..\obj\startup_stm32f4xx.o
 .debug_ranges  0x00000108       0x30 ..\obj\initialsetting.o
 .debug_ranges  0x00000138       0x28 ..\obj\main.o
 .debug_ranges  0x00000160       0x48 ..\obj\make_motion.o
 .debug_ranges  0x000001a8      0x168 ..\obj\stm32f4xx_rcc.o
 .debug_ranges  0x00000310       0x30 ..\obj\millis.o
 .debug_ranges  0x00000340       0x78 ..\obj\stm32f4xx_gpio.o
 .debug_ranges  0x000003b8       0x20 ..\obj\system_stm32f4xx.o
 .debug_ranges  0x000003d8       0xa0 ..\obj\stm32f4xx_dma.o
 .debug_ranges  0x00000478       0x28 ..\obj\usart3.o
 .debug_ranges  0x000004a0       0x30 ..\obj\misc.o
 .debug_ranges  0x000004d0      0x2e8 ..\obj\stm32f4xx_tim.o

.debug_frame    0x00000000     0x2470
 .debug_frame   0x00000000      0x490 ..\obj\stm32f4xx_usart.o
 .debug_frame   0x00000490       0x4c ..\obj\startup_stm32f4xx.o
 .debug_frame   0x000004dc       0xc4 ..\obj\initialsetting.o
 .debug_frame   0x000005a0       0x94 ..\obj\main.o
 .debug_frame   0x00000634      0x12c ..\obj\make_motion.o
 .debug_frame   0x00000760      0x6d4 ..\obj\stm32f4xx_rcc.o
 .debug_frame   0x00000e34       0xbc ..\obj\millis.o
 .debug_frame   0x00000ef0      0x23c ..\obj\stm32f4xx_gpio.o
 .debug_frame   0x0000112c       0x7c ..\obj\system_stm32f4xx.o
 .debug_frame   0x000011a8      0x308 ..\obj\stm32f4xx_dma.o
 .debug_frame   0x000014b0       0x94 ..\obj\usart3.o
 .debug_frame   0x00001544       0xd8 ..\obj\misc.o
 .debug_frame   0x0000161c      0xe54 ..\obj\stm32f4xx_tim.o
