
Allocating common symbols
Common symbol       size              file

numofbuf            0x1               ..\obj\make_motion.o
sendbuf             0x2710            ..\obj\make_motion.o
timingdelay         0x4               ..\obj\initialsetting.o

Discarded input sections

 .text          0x00000000        0x0 ..\obj\test_motion.o
 .data          0x00000000       0xf0 ..\obj\test_motion.o
 .bss           0x00000000        0x0 ..\obj\test_motion.o
 .debug_info    0x00000000       0xdc ..\obj\test_motion.o
 .debug_abbrev  0x00000000       0x6c ..\obj\test_motion.o
 .debug_aranges
                0x00000000       0x18 ..\obj\test_motion.o
 .debug_line    0x00000000      0x1a3 ..\obj\test_motion.o
 .debug_str     0x00000000      0x1a7 ..\obj\test_motion.o
 .comment       0x00000000       0x71 ..\obj\test_motion.o
 .ARM.attributes
                0x00000000       0x33 ..\obj\test_motion.o
 .text          0x00000000        0x0 ..\obj\stm32f4xx_usart.o
 .data          0x00000000        0x0 ..\obj\stm32f4xx_usart.o
 .bss           0x00000000        0x0 ..\obj\stm32f4xx_usart.o
 .text.USART_DeInit
                0x00000000       0xd0 ..\obj\stm32f4xx_usart.o
 .text.USART_StructInit
                0x00000000       0x38 ..\obj\stm32f4xx_usart.o
 .text.USART_ClockInit
                0x00000000       0x54 ..\obj\stm32f4xx_usart.o
 .text.USART_ClockStructInit
                0x00000000       0x2c ..\obj\stm32f4xx_usart.o
 .text.USART_SetPrescaler
                0x00000000       0x38 ..\obj\stm32f4xx_usart.o
 .text.USART_OverSampling8Cmd
                0x00000000       0x44 ..\obj\stm32f4xx_usart.o
 .text.USART_OneBitMethodCmd
                0x00000000       0x40 ..\obj\stm32f4xx_usart.o
 .text.USART_SendData
                0x00000000       0x24 ..\obj\stm32f4xx_usart.o
 .text.USART_ReceiveData
                0x00000000       0x20 ..\obj\stm32f4xx_usart.o
 .text.USART_SetAddress
                0x00000000       0x38 ..\obj\stm32f4xx_usart.o
 .text.USART_ReceiverWakeUpCmd
                0x00000000       0x40 ..\obj\stm32f4xx_usart.o
 .text.USART_WakeUpConfig
                0x00000000       0x38 ..\obj\stm32f4xx_usart.o
 .text.USART_LINBreakDetectLengthConfig
                0x00000000       0x38 ..\obj\stm32f4xx_usart.o
 .text.USART_LINCmd
                0x00000000       0x40 ..\obj\stm32f4xx_usart.o
 .text.USART_SendBreak
                0x00000000       0x24 ..\obj\stm32f4xx_usart.o
 .text.USART_HalfDuplexCmd
                0x00000000       0x40 ..\obj\stm32f4xx_usart.o
 .text.USART_SetGuardTime
                0x00000000       0x3c ..\obj\stm32f4xx_usart.o
 .text.USART_SmartCardCmd
                0x00000000       0x40 ..\obj\stm32f4xx_usart.o
 .text.USART_SmartCardNACKCmd
                0x00000000       0x40 ..\obj\stm32f4xx_usart.o
 .text.USART_IrDAConfig
                0x00000000       0x38 ..\obj\stm32f4xx_usart.o
 .text.USART_IrDACmd
                0x00000000       0x40 ..\obj\stm32f4xx_usart.o
 .text.USART_GetFlagStatus
                0x00000000       0x38 ..\obj\stm32f4xx_usart.o
 .text.USART_ClearFlag
                0x00000000       0x20 ..\obj\stm32f4xx_usart.o
 .text          0x00000000        0x0 ..\obj\startup_stm32f4xx.o
 .data          0x00000000        0x0 ..\obj\startup_stm32f4xx.o
 .bss           0x00000000        0x0 ..\obj\startup_stm32f4xx.o
 .text          0x00000000        0x0 ..\obj\initialsetting.o
 .data          0x00000000        0x0 ..\obj\initialsetting.o
 .bss           0x00000000        0x0 ..\obj\initialsetting.o
 .text.tdelay   0x00000000       0x28 ..\obj\initialsetting.o
 .text          0x00000000        0x0 ..\obj\main.o
 .data          0x00000000        0x0 ..\obj\main.o
 .text.send_exp_USART1
                0x00000000       0x4c ..\obj\main.o
 .text          0x00000000        0x0 ..\obj\make_motion.o
 .data          0x00000000        0x0 ..\obj\make_motion.o
 .bss           0x00000000        0x2 ..\obj\make_motion.o
 .text.do_motion
                0x00000000       0x18 ..\obj\make_motion.o
 .text.select_motion
                0x00000000       0x5c ..\obj\make_motion.o
 .text.torque_on
                0x00000000       0xd8 ..\obj\make_motion.o
 .text.data_to_motion
                0x00000000      0x394 ..\obj\make_motion.o
 .text.send_data
                0x00000000       0x30 ..\obj\make_motion.o
 .text.errorLED_command
                0x00000000       0x30 ..\obj\make_motion.o
 .text          0x00000000        0x0 ..\obj\stm32f4xx_rcc.o
 .bss           0x00000000        0x0 ..\obj\stm32f4xx_rcc.o
 .text.RCC_DeInit
                0x00000000       0x50 ..\obj\stm32f4xx_rcc.o
 .text.RCC_HSEConfig
                0x00000000       0x24 ..\obj\stm32f4xx_rcc.o
 .text.RCC_WaitForHSEStartUp
                0x00000000       0x50 ..\obj\stm32f4xx_rcc.o
 .text.RCC_AdjustHSICalibrationValue
                0x00000000       0x3c ..\obj\stm32f4xx_rcc.o
 .text.RCC_HSICmd
                0x00000000       0x20 ..\obj\stm32f4xx_rcc.o
 .text.RCC_LSEConfig
                0x00000000       0x40 ..\obj\stm32f4xx_rcc.o
 .text.RCC_LSICmd
                0x00000000       0x20 ..\obj\stm32f4xx_rcc.o
 .text.RCC_PLLConfig
                0x00000000       0x3c ..\obj\stm32f4xx_rcc.o
 .text.RCC_PLLCmd
                0x00000000       0x20 ..\obj\stm32f4xx_rcc.o
 .text.RCC_PLLI2SConfig
                0x00000000       0x28 ..\obj\stm32f4xx_rcc.o
 .text.RCC_PLLI2SCmd
                0x00000000       0x20 ..\obj\stm32f4xx_rcc.o
 .text.RCC_ClockSecuritySystemCmd
                0x00000000       0x20 ..\obj\stm32f4xx_rcc.o
 .text.RCC_MCO1Config
                0x00000000       0x3c ..\obj\stm32f4xx_rcc.o
 .text.RCC_MCO2Config
                0x00000000       0x3c ..\obj\stm32f4xx_rcc.o
 .text.RCC_SYSCLKConfig
                0x00000000       0x38 ..\obj\stm32f4xx_rcc.o
 .text.RCC_GetSYSCLKSource
                0x00000000       0x20 ..\obj\stm32f4xx_rcc.o
 .text.RCC_HCLKConfig
                0x00000000       0x38 ..\obj\stm32f4xx_rcc.o
 .text.RCC_PCLK1Config
                0x00000000       0x38 ..\obj\stm32f4xx_rcc.o
 .text.RCC_PCLK2Config
                0x00000000       0x38 ..\obj\stm32f4xx_rcc.o
 .text.RCC_RTCCLKConfig
                0x00000000       0x5c ..\obj\stm32f4xx_rcc.o
 .text.RCC_RTCCLKCmd
                0x00000000       0x20 ..\obj\stm32f4xx_rcc.o
 .text.RCC_BackupResetCmd
                0x00000000       0x20 ..\obj\stm32f4xx_rcc.o
 .text.RCC_I2SCLKConfig
                0x00000000       0x1c ..\obj\stm32f4xx_rcc.o
 .text.RCC_AHB2PeriphClockCmd
                0x00000000       0x3c ..\obj\stm32f4xx_rcc.o
 .text.RCC_AHB3PeriphClockCmd
                0x00000000       0x3c ..\obj\stm32f4xx_rcc.o
 .text.RCC_AHB1PeriphResetCmd
                0x00000000       0x3c ..\obj\stm32f4xx_rcc.o
 .text.RCC_AHB2PeriphResetCmd
                0x00000000       0x3c ..\obj\stm32f4xx_rcc.o
 .text.RCC_AHB3PeriphResetCmd
                0x00000000       0x3c ..\obj\stm32f4xx_rcc.o
 .text.RCC_APB1PeriphResetCmd
                0x00000000       0x3c ..\obj\stm32f4xx_rcc.o
 .text.RCC_APB2PeriphResetCmd
                0x00000000       0x3c ..\obj\stm32f4xx_rcc.o
 .text.RCC_AHB1PeriphClockLPModeCmd
                0x00000000       0x3c ..\obj\stm32f4xx_rcc.o
 .text.RCC_AHB2PeriphClockLPModeCmd
                0x00000000       0x3c ..\obj\stm32f4xx_rcc.o
 .text.RCC_AHB3PeriphClockLPModeCmd
                0x00000000       0x3c ..\obj\stm32f4xx_rcc.o
 .text.RCC_APB1PeriphClockLPModeCmd
                0x00000000       0x3c ..\obj\stm32f4xx_rcc.o
 .text.RCC_APB2PeriphClockLPModeCmd
                0x00000000       0x3c ..\obj\stm32f4xx_rcc.o
 .text.RCC_ITConfig
                0x00000000       0x4c ..\obj\stm32f4xx_rcc.o
 .text.RCC_GetFlagStatus
                0x00000000       0x74 ..\obj\stm32f4xx_rcc.o
 .text.RCC_ClearFlag
                0x00000000       0x1c ..\obj\stm32f4xx_rcc.o
 .text.RCC_GetITStatus
                0x00000000       0x38 ..\obj\stm32f4xx_rcc.o
 .text.RCC_ClearITPendingBit
                0x00000000       0x20 ..\obj\stm32f4xx_rcc.o
 .text          0x00000000        0x0 ..\obj\millis.o
 .data          0x00000000        0x0 ..\obj\millis.o
 .bss           0x00000000        0x0 ..\obj\millis.o
 .text          0x00000000        0x0 ..\obj\test.o
 .data          0x00000000        0x0 ..\obj\test.o
 .bss           0x00000000        0x0 ..\obj\test.o
 .debug_line    0x00000000        0x0 ..\obj\test.o
 .debug_str     0x00000000       0xce ..\obj\test.o
 .comment       0x00000000       0x71 ..\obj\test.o
 .ARM.attributes
                0x00000000       0x33 ..\obj\test.o
 .text          0x00000000        0x0 ..\obj\stm32f4xx_gpio.o
 .data          0x00000000        0x0 ..\obj\stm32f4xx_gpio.o
 .bss           0x00000000        0x0 ..\obj\stm32f4xx_gpio.o
 .text.GPIO_DeInit
                0x00000000      0x120 ..\obj\stm32f4xx_gpio.o
 .text.GPIO_StructInit
                0x00000000       0x34 ..\obj\stm32f4xx_gpio.o
 .text.GPIO_PinLockConfig
                0x00000000       0x44 ..\obj\stm32f4xx_gpio.o
 .text.GPIO_ReadInputDataBit
                0x00000000       0x34 ..\obj\stm32f4xx_gpio.o
 .text.GPIO_ReadInputData
                0x00000000       0x1c ..\obj\stm32f4xx_gpio.o
 .text.GPIO_ReadOutputDataBit
                0x00000000       0x34 ..\obj\stm32f4xx_gpio.o
 .text.GPIO_ReadOutputData
                0x00000000       0x1c ..\obj\stm32f4xx_gpio.o
 .text.GPIO_WriteBit
                0x00000000       0x30 ..\obj\stm32f4xx_gpio.o
 .text.GPIO_Write
                0x00000000       0x1c ..\obj\stm32f4xx_gpio.o
 .text.GPIO_ToggleBits
                0x00000000       0x24 ..\obj\stm32f4xx_gpio.o
 .text          0x00000000        0x0 ..\obj\system_stm32f4xx.o
 .bss           0x00000000        0x0 ..\obj\system_stm32f4xx.o
 .text.SystemCoreClockUpdate
                0x00000000       0xf8 ..\obj\system_stm32f4xx.o
 .text          0x00000000        0x0 ..\obj\stm32f4xx_dma.o
 .data          0x00000000        0x0 ..\obj\stm32f4xx_dma.o
 .bss           0x00000000        0x0 ..\obj\stm32f4xx_dma.o
 .text.DMA_StructInit
                0x00000000       0x6c ..\obj\stm32f4xx_dma.o
 .text.DMA_PeriphIncOffsetSizeConfig
                0x00000000       0x34 ..\obj\stm32f4xx_dma.o
 .text.DMA_FlowControllerConfig
                0x00000000       0x34 ..\obj\stm32f4xx_dma.o
 .text.DMA_SetCurrDataCounter
                0x00000000       0x1c ..\obj\stm32f4xx_dma.o
 .text.DMA_GetCurrDataCounter
                0x00000000       0x1c ..\obj\stm32f4xx_dma.o
 .text.DMA_DoubleBufferModeConfig
                0x00000000       0x3c ..\obj\stm32f4xx_dma.o
 .text.DMA_DoubleBufferModeCmd
                0x00000000       0x38 ..\obj\stm32f4xx_dma.o
 .text.DMA_MemoryTargetConfig
                0x00000000       0x2c ..\obj\stm32f4xx_dma.o
 .text.DMA_GetCurrentMemoryTarget
                0x00000000       0x30 ..\obj\stm32f4xx_dma.o
 .text.DMA_GetCmdStatus
                0x00000000       0x30 ..\obj\stm32f4xx_dma.o
 .text.DMA_GetFIFOStatus
                0x00000000       0x24 ..\obj\stm32f4xx_dma.o
 .text.DMA_GetFlagStatus
                0x00000000       0x78 ..\obj\stm32f4xx_dma.o
 .text.DMA_ClearFlag
                0x00000000       0x5c ..\obj\stm32f4xx_dma.o
 .text          0x00000000        0x0 ..\obj\stm32f4xx_exti.o
 .data          0x00000000        0x0 ..\obj\stm32f4xx_exti.o
 .bss           0x00000000        0x0 ..\obj\stm32f4xx_exti.o
 .text.EXTI_DeInit
                0x00000000       0x34 ..\obj\stm32f4xx_exti.o
 .text.EXTI_Init
                0x00000000       0xe4 ..\obj\stm32f4xx_exti.o
 .text.EXTI_StructInit
                0x00000000       0x2c ..\obj\stm32f4xx_exti.o
 .text.EXTI_GenerateSWInterrupt
                0x00000000       0x24 ..\obj\stm32f4xx_exti.o
 .text.EXTI_GetFlagStatus
                0x00000000       0x34 ..\obj\stm32f4xx_exti.o
 .text.EXTI_ClearFlag
                0x00000000       0x1c ..\obj\stm32f4xx_exti.o
 .text.EXTI_GetITStatus
                0x00000000       0x48 ..\obj\stm32f4xx_exti.o
 .text.EXTI_ClearITPendingBit
                0x00000000       0x1c ..\obj\stm32f4xx_exti.o
 .debug_info    0x00000000      0x347 ..\obj\stm32f4xx_exti.o
 .debug_abbrev  0x00000000      0x1a5 ..\obj\stm32f4xx_exti.o
 .debug_aranges
                0x00000000       0x58 ..\obj\stm32f4xx_exti.o
 .debug_ranges  0x00000000       0x48 ..\obj\stm32f4xx_exti.o
 .debug_line    0x00000000      0x345 ..\obj\stm32f4xx_exti.o
 .debug_str     0x00000000      0x37c ..\obj\stm32f4xx_exti.o
 .comment       0x00000000       0x71 ..\obj\stm32f4xx_exti.o
 .debug_frame   0x00000000      0x148 ..\obj\stm32f4xx_exti.o
 .ARM.attributes
                0x00000000       0x33 ..\obj\stm32f4xx_exti.o
 .text          0x00000000        0x0 ..\obj\misc.o
 .data          0x00000000        0x0 ..\obj\misc.o
 .bss           0x00000000        0x0 ..\obj\misc.o
 .text.NVIC_PriorityGroupConfig
                0x00000000       0x24 ..\obj\misc.o
 .text.NVIC_SetVectorTable
                0x00000000       0x2c ..\obj\misc.o
 .text.NVIC_SystemLPConfig
                0x00000000       0x40 ..\obj\misc.o
 .text.SysTick_CLKSourceConfig
                0x00000000       0x38 ..\obj\misc.o
 .text          0x00000000        0x0 ..\obj\stm32f4xx_tim.o
 .data          0x00000000        0x0 ..\obj\stm32f4xx_tim.o
 .bss           0x00000000        0x0 ..\obj\stm32f4xx_tim.o
 .text.TIM_DeInit
                0x00000000      0x1bc ..\obj\stm32f4xx_tim.o
 .text.TIM_TimeBaseStructInit
                0x00000000       0x34 ..\obj\stm32f4xx_tim.o
 .text.TIM_PrescalerConfig
                0x00000000       0x28 ..\obj\stm32f4xx_tim.o
 .text.TIM_CounterModeConfig
                0x00000000       0x38 ..\obj\stm32f4xx_tim.o
 .text.TIM_SetCounter
                0x00000000       0x1c ..\obj\stm32f4xx_tim.o
 .text.TIM_SetAutoreload
                0x00000000       0x1c ..\obj\stm32f4xx_tim.o
 .text.TIM_GetCounter
                0x00000000       0x18 ..\obj\stm32f4xx_tim.o
 .text.TIM_GetPrescaler
                0x00000000       0x1c ..\obj\stm32f4xx_tim.o
 .text.TIM_UpdateDisableConfig
                0x00000000       0x40 ..\obj\stm32f4xx_tim.o
 .text.TIM_UpdateRequestConfig
                0x00000000       0x40 ..\obj\stm32f4xx_tim.o
 .text.TIM_ARRPreloadConfig
                0x00000000       0x40 ..\obj\stm32f4xx_tim.o
 .text.TIM_SelectOnePulseMode
                0x00000000       0x38 ..\obj\stm32f4xx_tim.o
 .text.TIM_SetClockDivision
                0x00000000       0x38 ..\obj\stm32f4xx_tim.o
 .text.TIM_OC1Init
                0x00000000       0xf4 ..\obj\stm32f4xx_tim.o
 .text.TIM_OC2Init
                0x00000000      0x110 ..\obj\stm32f4xx_tim.o
 .text.TIM_OC3Init
                0x00000000      0x10c ..\obj\stm32f4xx_tim.o
 .text.TIM_OC4Init
                0x00000000       0xcc ..\obj\stm32f4xx_tim.o
 .text.TIM_OCStructInit
                0x00000000       0x44 ..\obj\stm32f4xx_tim.o
 .text.TIM_SelectOCxM
                0x00000000       0xb0 ..\obj\stm32f4xx_tim.o
 .text.TIM_SetCompare1
                0x00000000       0x1c ..\obj\stm32f4xx_tim.o
 .text.TIM_SetCompare2
                0x00000000       0x1c ..\obj\stm32f4xx_tim.o
 .text.TIM_SetCompare3
                0x00000000       0x1c ..\obj\stm32f4xx_tim.o
 .text.TIM_SetCompare4
                0x00000000       0x1c ..\obj\stm32f4xx_tim.o
 .text.TIM_ForcedOC1Config
                0x00000000       0x38 ..\obj\stm32f4xx_tim.o
 .text.TIM_ForcedOC2Config
                0x00000000       0x3c ..\obj\stm32f4xx_tim.o
 .text.TIM_ForcedOC3Config
                0x00000000       0x38 ..\obj\stm32f4xx_tim.o
 .text.TIM_ForcedOC4Config
                0x00000000       0x3c ..\obj\stm32f4xx_tim.o
 .text.TIM_OC1PreloadConfig
                0x00000000       0x38 ..\obj\stm32f4xx_tim.o
 .text.TIM_OC2PreloadConfig
                0x00000000       0x3c ..\obj\stm32f4xx_tim.o
 .text.TIM_OC3PreloadConfig
                0x00000000       0x38 ..\obj\stm32f4xx_tim.o
 .text.TIM_OC4PreloadConfig
                0x00000000       0x3c ..\obj\stm32f4xx_tim.o
 .text.TIM_OC1FastConfig
                0x00000000       0x38 ..\obj\stm32f4xx_tim.o
 .text.TIM_OC2FastConfig
                0x00000000       0x3c ..\obj\stm32f4xx_tim.o
 .text.TIM_OC3FastConfig
                0x00000000       0x38 ..\obj\stm32f4xx_tim.o
 .text.TIM_OC4FastConfig
                0x00000000       0x3c ..\obj\stm32f4xx_tim.o
 .text.TIM_ClearOC1Ref
                0x00000000       0x38 ..\obj\stm32f4xx_tim.o
 .text.TIM_ClearOC2Ref
                0x00000000       0x3c ..\obj\stm32f4xx_tim.o
 .text.TIM_ClearOC3Ref
                0x00000000       0x38 ..\obj\stm32f4xx_tim.o
 .text.TIM_ClearOC4Ref
                0x00000000       0x3c ..\obj\stm32f4xx_tim.o
 .text.TIM_OC1PolarityConfig
                0x00000000       0x38 ..\obj\stm32f4xx_tim.o
 .text.TIM_OC1NPolarityConfig
                0x00000000       0x38 ..\obj\stm32f4xx_tim.o
 .text.TIM_OC2PolarityConfig
                0x00000000       0x3c ..\obj\stm32f4xx_tim.o
 .text.TIM_OC2NPolarityConfig
                0x00000000       0x3c ..\obj\stm32f4xx_tim.o
 .text.TIM_OC3PolarityConfig
                0x00000000       0x3c ..\obj\stm32f4xx_tim.o
 .text.TIM_OC3NPolarityConfig
                0x00000000       0x3c ..\obj\stm32f4xx_tim.o
 .text.TIM_OC4PolarityConfig
                0x00000000       0x3c ..\obj\stm32f4xx_tim.o
 .text.TIM_CCxCmd
                0x00000000       0x54 ..\obj\stm32f4xx_tim.o
 .text.TIM_CCxNCmd
                0x00000000       0x54 ..\obj\stm32f4xx_tim.o
 .text.TIM_ICInit
                0x00000000       0xa8 ..\obj\stm32f4xx_tim.o
 .text.TIM_ICStructInit
                0x00000000       0x30 ..\obj\stm32f4xx_tim.o
 .text.TIM_PWMIConfig
                0x00000000       0xb8 ..\obj\stm32f4xx_tim.o
 .text.TIM_GetCapture1
                0x00000000       0x18 ..\obj\stm32f4xx_tim.o
 .text.TIM_GetCapture2
                0x00000000       0x18 ..\obj\stm32f4xx_tim.o
 .text.TIM_GetCapture3
                0x00000000       0x18 ..\obj\stm32f4xx_tim.o
 .text.TIM_GetCapture4
                0x00000000       0x18 ..\obj\stm32f4xx_tim.o
 .text.TIM_SetIC1Prescaler
                0x00000000       0x38 ..\obj\stm32f4xx_tim.o
 .text.TIM_SetIC2Prescaler
                0x00000000       0x3c ..\obj\stm32f4xx_tim.o
 .text.TIM_SetIC3Prescaler
                0x00000000       0x38 ..\obj\stm32f4xx_tim.o
 .text.TIM_SetIC4Prescaler
                0x00000000       0x3c ..\obj\stm32f4xx_tim.o
 .text.TIM_BDTRConfig
                0x00000000       0x50 ..\obj\stm32f4xx_tim.o
 .text.TIM_BDTRStructInit
                0x00000000       0x3c ..\obj\stm32f4xx_tim.o
 .text.TIM_CtrlPWMOutputs
                0x00000000       0x4c ..\obj\stm32f4xx_tim.o
 .text.TIM_SelectCOM
                0x00000000       0x40 ..\obj\stm32f4xx_tim.o
 .text.TIM_CCPreloadControl
                0x00000000       0x40 ..\obj\stm32f4xx_tim.o
 .text.TIM_GenerateEvent
                0x00000000       0x1c ..\obj\stm32f4xx_tim.o
 .text.TIM_GetFlagStatus
                0x00000000       0x38 ..\obj\stm32f4xx_tim.o
 .text.TIM_ClearFlag
                0x00000000       0x20 ..\obj\stm32f4xx_tim.o
 .text.TIM_GetITStatus
                0x00000000       0x54 ..\obj\stm32f4xx_tim.o
 .text.TIM_DMAConfig
                0x00000000       0x28 ..\obj\stm32f4xx_tim.o
 .text.TIM_DMACmd
                0x00000000       0x48 ..\obj\stm32f4xx_tim.o
 .text.TIM_SelectCCDMA
                0x00000000       0x40 ..\obj\stm32f4xx_tim.o
 .text.TIM_InternalClockConfig
                0x00000000       0x24 ..\obj\stm32f4xx_tim.o
 .text.TIM_ITRxExternalClockConfig
                0x00000000       0x2c ..\obj\stm32f4xx_tim.o
 .text.TIM_TIxExternalClockConfig
                0x00000000       0x60 ..\obj\stm32f4xx_tim.o
 .text.TIM_ETRClockMode1Config
                0x00000000       0x5c ..\obj\stm32f4xx_tim.o
 .text.TIM_ETRClockMode2Config
                0x00000000       0x3c ..\obj\stm32f4xx_tim.o
 .text.TIM_SelectInputTrigger
                0x00000000       0x38 ..\obj\stm32f4xx_tim.o
 .text.TIM_SelectOutputTrigger
                0x00000000       0x38 ..\obj\stm32f4xx_tim.o
 .text.TIM_SelectSlaveMode
                0x00000000       0x38 ..\obj\stm32f4xx_tim.o
 .text.TIM_SelectMasterSlaveMode
                0x00000000       0x38 ..\obj\stm32f4xx_tim.o
 .text.TIM_ETRConfig
                0x00000000       0x54 ..\obj\stm32f4xx_tim.o
 .text.TIM_EncoderInterfaceConfig
                0x00000000       0x98 ..\obj\stm32f4xx_tim.o
 .text.TIM_SelectHallSensor
                0x00000000       0x40 ..\obj\stm32f4xx_tim.o
 .text.TIM_RemapConfig
                0x00000000       0x20 ..\obj\stm32f4xx_tim.o
 .text.TI1_Config
                0x00000000       0x84 ..\obj\stm32f4xx_tim.o
 .text.TI2_Config
                0x00000000       0x98 ..\obj\stm32f4xx_tim.o
 .text.TI3_Config
                0x00000000       0x90 ..\obj\stm32f4xx_tim.o
 .text.TI4_Config
                0x00000000       0x9c ..\obj\stm32f4xx_tim.o
 .text          0x00000000        0x0 ..\obj\usart_handler.o
 .data          0x00000000        0x0 ..\obj\usart_handler.o
 .text.errorLED_composed
                0x00000000       0x2c ..\obj\usart_handler.o

Memory Configuration

Name             Origin             Length             Attributes
rom              0x08000000         0x00100000         xr
ram              0x20000000         0x00020000         xrw
ram1             0x10000000         0x00010000         xrw
*default*        0x00000000         0xffffffff

Linker script and memory map

                0x20020000                _eram = 0x20020000

.text           0x08000000     0x15f8
 *(.isr_vector)
 .isr_vector    0x08000000      0x188 ..\obj\startup_stm32f4xx.o
                0x08000000                g_pfnVectors
 *(.text*)
 .text.USART_Init
                0x08000188      0x178 ..\obj\stm32f4xx_usart.o
                0x08000188                USART_Init
 .text.USART_Cmd
                0x08000300       0x40 ..\obj\stm32f4xx_usart.o
                0x08000300                USART_Cmd
 .text.USART_DMACmd
                0x08000340       0x48 ..\obj\stm32f4xx_usart.o
                0x08000340                USART_DMACmd
 .text.USART_ITConfig
                0x08000388       0x90 ..\obj\stm32f4xx_usart.o
                0x08000388                USART_ITConfig
 .text.USART_GetITStatus
                0x08000418       0xb8 ..\obj\stm32f4xx_usart.o
                0x08000418                USART_GetITStatus
 .text.USART_ClearITPendingBit
                0x080004d0       0x38 ..\obj\stm32f4xx_usart.o
                0x080004d0                USART_ClearITPendingBit
 .text.Default_Reset_Handler
                0x08000508       0x58 ..\obj\startup_stm32f4xx.o
                0x08000508                Default_Reset_Handler
                0x08000508                Reset_Handler
 .text.Default_Handler
                0x08000560        0x8 ..\obj\startup_stm32f4xx.o
                0x08000560                RTC_Alarm_IRQHandler
                0x08000560                HASH_RNG_IRQHandler
                0x08000560                EXTI2_IRQHandler
                0x08000560                TIM8_CC_IRQHandler
                0x08000560                DebugMon_Handler
                0x08000560                TIM1_CC_IRQHandler
                0x08000560                DMA2_Stream5_IRQHandler
                0x08000560                HardFault_Handler
                0x08000560                DMA1_Stream5_IRQHandler
                0x08000560                PVD_IRQHandler
                0x08000560                SDIO_IRQHandler
                0x08000560                TAMP_STAMP_IRQHandler
                0x08000560                PendSV_Handler
                0x08000560                NMI_Handler
                0x08000560                CAN2_RX1_IRQHandler
                0x08000560                EXTI3_IRQHandler
                0x08000560                TIM8_TRG_COM_TIM14_IRQHandler
                0x08000560                TIM1_UP_TIM10_IRQHandler
                0x08000560                TIM8_UP_TIM13_IRQHandler
                0x08000560                I2C3_ER_IRQHandler
                0x08000560                EXTI0_IRQHandler
                0x08000560                I2C2_EV_IRQHandler
                0x08000560                DMA1_Stream2_IRQHandler
                0x08000560                CAN1_RX0_IRQHandler
                0x08000560                FPU_IRQHandler
                0x08000560                OTG_HS_WKUP_IRQHandler
                0x08000560                UsageFault_Handler
                0x08000560                CAN2_SCE_IRQHandler
                0x08000560                DMA2_Stream2_IRQHandler
                0x08000560                SPI1_IRQHandler
                0x08000560                TIM6_DAC_IRQHandler
                0x08000560                TIM1_BRK_TIM9_IRQHandler
                0x08000560                DCMI_IRQHandler
                0x08000560                CAN2_RX0_IRQHandler
                0x08000560                DMA2_Stream3_IRQHandler
                0x08000560                USART6_IRQHandler
                0x08000560                CRYP_IRQHandler
                0x08000560                CAN1_RX1_IRQHandler
                0x08000560                UART5_IRQHandler
                0x08000560                DMA2_Stream0_IRQHandler
                0x08000560                TIM4_IRQHandler
                0x08000560                I2C1_EV_IRQHandler
                0x08000560                DMA1_Stream6_IRQHandler
                0x08000560                DMA1_Stream1_IRQHandler
                0x08000560                UART4_IRQHandler
                0x08000560                RCC_IRQHandler
                0x08000560                TIM8_BRK_TIM12_IRQHandler
                0x08000560                EXTI15_10_IRQHandler
                0x08000560                ADC_IRQHandler
                0x08000560                DMA1_Stream7_IRQHandler
                0x08000560                TIM7_IRQHandler
                0x08000560                CAN2_TX_IRQHandler
                0x08000560                TIM5_IRQHandler
                0x08000560                I2C3_EV_IRQHandler
                0x08000560                EXTI9_5_IRQHandler
                0x08000560                RTC_WKUP_IRQHandler
                0x08000560                ETH_WKUP_IRQHandler
                0x08000560                SPI2_IRQHandler
                0x08000560                OTG_HS_EP1_IN_IRQHandler
                0x08000560                MemManage_Handler
                0x08000560                DMA1_Stream0_IRQHandler
                0x08000560                CAN1_TX_IRQHandler
                0x08000560                SVC_Handler
                0x08000560                EXTI4_IRQHandler
                0x08000560                FSMC_IRQHandler
                0x08000560                ETH_IRQHandler
                0x08000560                OTG_HS_EP1_OUT_IRQHandler
                0x08000560                WWDG_IRQHandler
                0x08000560                TIM2_IRQHandler
                0x08000560                OTG_FS_WKUP_IRQHandler
                0x08000560                TIM1_TRG_COM_TIM11_IRQHandler
                0x08000560                OTG_HS_IRQHandler
                0x08000560                EXTI1_IRQHandler
                0x08000560                USART2_IRQHandler
                0x08000560                I2C2_ER_IRQHandler
                0x08000560                DMA2_Stream1_IRQHandler
                0x08000560                CAN1_SCE_IRQHandler
                0x08000560                FLASH_IRQHandler
                0x08000560                DMA2_Stream4_IRQHandler
                0x08000560                BusFault_Handler
                0x08000560                USART1_IRQHandler
                0x08000560                OTG_FS_IRQHandler
                0x08000560                SPI3_IRQHandler
                0x08000560                DMA1_Stream4_IRQHandler
                0x08000560                I2C1_ER_IRQHandler
                0x08000560                DMA2_Stream6_IRQHandler
                0x08000560                DMA1_Stream3_IRQHandler
 .text.NVIC_Configuration
                0x08000568       0x54 ..\obj\initialsetting.o
                0x08000568                NVIC_Configuration
 .text.GPIO_Configuration
                0x080005bc       0x64 ..\obj\initialsetting.o
                0x080005bc                GPIO_Configuration
 .text.USART1_Configuration
                0x08000620      0x134 ..\obj\initialsetting.o
                0x08000620                USART1_Configuration
 .text.USART3_Configuration
                0x08000754       0x94 ..\obj\initialsetting.o
                0x08000754                USART3_Configuration
 .text.SysTick_Handler
                0x080007e8       0x24 ..\obj\initialsetting.o
                0x080007e8                SysTick_Handler
 .text.NVIC_SetPriority
                0x0800080c       0x54 ..\obj\main.o
 .text.SysTick_Config
                0x08000860       0x44 ..\obj\main.o
 .text.main     0x080008a4       0x44 ..\obj\main.o
                0x080008a4                main
 .text.DMA2_Stream7_IRQHandler
                0x080008e8       0x34 ..\obj\make_motion.o
                0x080008e8                DMA2_Stream7_IRQHandler
 .text.RCC_GetClocksFreq
                0x0800091c      0x154 ..\obj\stm32f4xx_rcc.o
                0x0800091c                RCC_GetClocksFreq
 .text.RCC_AHB1PeriphClockCmd
                0x08000a70       0x3c ..\obj\stm32f4xx_rcc.o
                0x08000a70                RCC_AHB1PeriphClockCmd
 .text.RCC_APB1PeriphClockCmd
                0x08000aac       0x3c ..\obj\stm32f4xx_rcc.o
                0x08000aac                RCC_APB1PeriphClockCmd
 .text.RCC_APB2PeriphClockCmd
                0x08000ae8       0x3c ..\obj\stm32f4xx_rcc.o
                0x08000ae8                RCC_APB2PeriphClockCmd
 .text.TIM3_Configuration
                0x08000b24       0x54 ..\obj\millis.o
                0x08000b24                TIM3_Configuration
 .text.millis   0x08000b78       0x18 ..\obj\millis.o
                0x08000b78                millis
 .text.millis_test
                0x08000b90       0x44 ..\obj\millis.o
                0x08000b90                millis_test
 .text.TIM3_IRQHandler
                0x08000bd4       0x20 ..\obj\millis.o
                0x08000bd4                TIM3_IRQHandler
 .text.GPIO_Init
                0x08000bf4      0x11c ..\obj\stm32f4xx_gpio.o
                0x08000bf4                GPIO_Init
 .text.GPIO_SetBits
                0x08000d10       0x1c ..\obj\stm32f4xx_gpio.o
                0x08000d10                GPIO_SetBits
 .text.GPIO_ResetBits
                0x08000d2c       0x1c ..\obj\stm32f4xx_gpio.o
                0x08000d2c                GPIO_ResetBits
 .text.GPIO_PinAFConfig
                0x08000d48       0x90 ..\obj\stm32f4xx_gpio.o
                0x08000d48                GPIO_PinAFConfig
 .text.SystemInit
                0x08000dd8       0x58 ..\obj\system_stm32f4xx.o
                0x08000dd8                SystemInit
 .text.SetSysClock
                0x08000e30       0xf4 ..\obj\system_stm32f4xx.o
 .text.DMA_DeInit
                0x08000f24      0x1a4 ..\obj\stm32f4xx_dma.o
                0x08000f24                DMA_DeInit
 .text.DMA_Init
                0x080010c8       0xac ..\obj\stm32f4xx_dma.o
                0x080010c8                DMA_Init
 .text.DMA_Cmd  0x08001174       0x38 ..\obj\stm32f4xx_dma.o
                0x08001174                DMA_Cmd
 .text.DMA_ITConfig
                0x080011ac       0x74 ..\obj\stm32f4xx_dma.o
                0x080011ac                DMA_ITConfig
 .text.DMA_GetITStatus
                0x08001220       0xb0 ..\obj\stm32f4xx_dma.o
                0x08001220                DMA_GetITStatus
 .text.DMA_ClearITPendingBit
                0x080012d0       0x5c ..\obj\stm32f4xx_dma.o
                0x080012d0                DMA_ClearITPendingBit
 .text.NVIC_Init
                0x0800132c       0xc0 ..\obj\misc.o
                0x0800132c                NVIC_Init
 .text.TIM_TimeBaseInit
                0x080013ec       0xd4 ..\obj\stm32f4xx_tim.o
                0x080013ec                TIM_TimeBaseInit
 .text.TIM_Cmd  0x080014c0       0x40 ..\obj\stm32f4xx_tim.o
                0x080014c0                TIM_Cmd
 .text.TIM_ITConfig
                0x08001500       0x48 ..\obj\stm32f4xx_tim.o
                0x08001500                TIM_ITConfig
 .text.TIM_ClearITPendingBit
                0x08001548       0x20 ..\obj\stm32f4xx_tim.o
                0x08001548                TIM_ClearITPendingBit
 .text.USART3_IRQHandler
                0x08001568       0x90 ..\obj\usart_handler.o
                0x08001568                USART3_IRQHandler
 *(.init)
 *(.fini)
 *crtbegin.o(.ctors)
 *crtbegin?.o(.ctors)
 *(EXCLUDE_FILE(*crtend.o *crtend?.o) .ctors)
 *(SORT(.ctors.*))
 *(.ctors)
 *crtbegin.o(.dtors)
 *crtbegin?.o(.dtors)
 *(EXCLUDE_FILE(*crtend.o *crtend?.o) .dtors)
 *(SORT(.dtors.*))
 *(.dtors)
 *(.rodata*)
 *(.eh_fram e*)

.glue_7         0x080015f8        0x0
 .glue_7        0x00000000        0x0 linker stubs

.glue_7t        0x080015f8        0x0
 .glue_7t       0x00000000        0x0 linker stubs

.vfp11_veneer   0x080015f8        0x0
 .vfp11_veneer  0x00000000        0x0 linker stubs

.v4_bx          0x080015f8        0x0
 .v4_bx         0x00000000        0x0 linker stubs

.iplt           0x080015f8        0x0
 .iplt          0x00000000        0x0 ..\obj\test_motion.o

.rel.dyn        0x080015f8        0x0
 .rel.iplt      0x00000000        0x0 ..\obj\test_motion.o

.ARM.extab
 *(.ARM.extab* .gnu.linkonce.armextab.*)
                0x080015f8                __exidx_start = .

.ARM.exidx
 *(.ARM.exidx* .gnu.linkonce.armexidx.*)
                0x080015f8                __exidx_end = .
                0x080015f8                __etext = .
                0x080015f8                _sidata = __etext

.data           0x20000000       0x24 load address 0x080015f8
                0x20000000                __data_start__ = .
                0x20000000                _sdata = __data_start__
 *(vtable)
 *(.data*)
 .data          0x20000000       0x10 ..\obj\stm32f4xx_rcc.o
 .data          0x20000010       0x14 ..\obj\system_stm32f4xx.o
                0x20000010                SystemCoreClock
                0x20000014                AHBPrescTable
                0x20000024                . = ALIGN (0x4)
                0x20000024                PROVIDE (__preinit_array_start, .)
 *(.preinit_array)
                0x20000024                PROVIDE (__preinit_array_end, .)
                0x20000024                . = ALIGN (0x4)
                0x20000024                PROVIDE (__init_array_start, .)
 *(SORT(.init_array.*))
 *(.init_array)
                0x20000024                PROVIDE (__init_array_end, .)
                0x20000024                . = ALIGN (0x4)
                0x20000024                PROVIDE (__fini_array_start, .)
 *(SORT(.fini_array.*))
 *(.fini_array)
                0x20000024                PROVIDE (__fini_array_end, .)
 *(.jcr*)
                0x20000024                . = ALIGN (0x4)
                0x20000024                __data_end__ = .
                0x20000024                _edata = __data_end__

.igot.plt       0x20000024        0x0 load address 0x0800161c
 .igot.plt      0x00000000        0x0 ..\obj\test_motion.o

.bss            0x20000024     0x2720 load address 0x0800161c
                0x20000024                . = ALIGN (0x4)
                0x20000024                __bss_start__ = .
                0x20000024                _sbss = __bss_start__
 *(.bss*)
 .bss           0x20000024        0x4 ..\obj\main.o
                0x20000024                period
 .bss           0x20000028        0x4 ..\obj\usart_handler.o
 *(COMMON)
 COMMON         0x2000002c        0x4 ..\obj\initialsetting.o
                0x2000002c                timingdelay
 COMMON         0x20000030     0x2714 ..\obj\make_motion.o
                0x20000030                numofbuf
                0x20000034                sendbuf
                0x20002744                . = ALIGN (0x4)
                0x20002744                __bss_end__ = .
                0x20002744                _ebss = __bss_end__

.heap           0x20002744        0x0
                0x20002744                __end__ = .
                0x20002744                _end = __end__
                0x20002744                end = __end__
 *(.heap*)
                0x20002744                __HeapLimit = .

.co_stack       0x20002744      0x804 load address 0x08003d3c
                0x20002748                . = ALIGN (0x8)
 *fill*         0x20002744        0x4 
 *(.co_stack .co_stack.*)
 .co_stack      0x20002748      0x800 ..\obj\startup_stm32f4xx.o
                0x20002748                pulStack
                0x20020000                __StackTop = (ORIGIN (ram) + 0x20000)
                0x2001f7fc                __StackLimit = (__StackTop - SIZEOF (.co_stack))
                0x20020000                PROVIDE (__stack, __StackTop)
                0x00000001                ASSERT ((__StackLimit >= __HeapLimit), region ram  overflowed with stack)
LOAD ..\obj\test_motion.o
LOAD ..\obj\stm32f4xx_usart.o
LOAD ..\obj\startup_stm32f4xx.o
LOAD ..\obj\initialsetting.o
LOAD ..\obj\main.o
LOAD ..\obj\make_motion.o
LOAD ..\obj\stm32f4xx_rcc.o
LOAD ..\obj\millis.o
LOAD ..\obj\test.o
LOAD ..\obj\stm32f4xx_gpio.o
LOAD ..\obj\system_stm32f4xx.o
LOAD ..\obj\stm32f4xx_dma.o
LOAD ..\obj\stm32f4xx_exti.o
LOAD ..\obj\misc.o
LOAD ..\obj\stm32f4xx_tim.o
LOAD ..\obj\usart_handler.o
START GROUP
LOAD c:/program files (x86)/gnu tools arm embedded/4.9 2015q2/bin/../lib/gcc/arm-none-eabi/4.9.3/armv7e-m\libgcc.a
LOAD c:/program files (x86)/gnu tools arm embedded/4.9 2015q2/bin/../lib/gcc/arm-none-eabi/4.9.3/../../../../arm-none-eabi/lib/armv7e-m\libg.a
LOAD c:/program files (x86)/gnu tools arm embedded/4.9 2015q2/bin/../lib/gcc/arm-none-eabi/4.9.3/../../../../arm-none-eabi/lib/armv7e-m\libc.a
END GROUP
OUTPUT(shinkanjissou0412.elf elf32-littlearm)

.debug_info     0x00000000     0x66d7
 .debug_info    0x00000000      0x9c2 ..\obj\stm32f4xx_usart.o
 .debug_info    0x000009c2       0xed ..\obj\startup_stm32f4xx.o
 .debug_info    0x00000aaf      0x88c ..\obj\initialsetting.o
 .debug_info    0x0000133b      0x7ca ..\obj\main.o
 .debug_info    0x00001b05      0x3d1 ..\obj\make_motion.o
 .debug_info    0x00001ed6      0xc4d ..\obj\stm32f4xx_rcc.o
 .debug_info    0x00002b23      0x454 ..\obj\millis.o
 .debug_info    0x00002f77      0x602 ..\obj\stm32f4xx_gpio.o
 .debug_info    0x00003579      0x592 ..\obj\system_stm32f4xx.o
 .debug_info    0x00003b0b      0x739 ..\obj\stm32f4xx_dma.o
 .debug_info    0x00004244      0x53d ..\obj\misc.o
 .debug_info    0x00004781     0x1c61 ..\obj\stm32f4xx_tim.o
 .debug_info    0x000063e2      0x2f5 ..\obj\usart_handler.o

.debug_abbrev   0x00000000     0x11ad
 .debug_abbrev  0x00000000      0x155 ..\obj\stm32f4xx_usart.o
 .debug_abbrev  0x00000155       0xb0 ..\obj\startup_stm32f4xx.o
 .debug_abbrev  0x00000205      0x17a ..\obj\initialsetting.o
 .debug_abbrev  0x0000037f      0x195 ..\obj\main.o
 .debug_abbrev  0x00000514      0x156 ..\obj\make_motion.o
 .debug_abbrev  0x0000066a      0x1e3 ..\obj\stm32f4xx_rcc.o
 .debug_abbrev  0x0000084d      0x146 ..\obj\millis.o
 .debug_abbrev  0x00000993      0x1a3 ..\obj\stm32f4xx_gpio.o
 .debug_abbrev  0x00000b36      0x136 ..\obj\system_stm32f4xx.o
 .debug_abbrev  0x00000c6c      0x155 ..\obj\stm32f4xx_dma.o
 .debug_abbrev  0x00000dc1      0x145 ..\obj\misc.o
 .debug_abbrev  0x00000f06      0x187 ..\obj\stm32f4xx_tim.o
 .debug_abbrev  0x0000108d      0x120 ..\obj\usart_handler.o

.debug_aranges  0x00000000      0x870
 .debug_aranges
                0x00000000      0x100 ..\obj\stm32f4xx_usart.o
 .debug_aranges
                0x00000100       0x28 ..\obj\startup_stm32f4xx.o
 .debug_aranges
                0x00000128       0x48 ..\obj\initialsetting.o
 .debug_aranges
                0x00000170       0x38 ..\obj\main.o
 .debug_aranges
                0x000001a8       0x50 ..\obj\make_motion.o
 .debug_aranges
                0x000001f8      0x178 ..\obj\stm32f4xx_rcc.o
 .debug_aranges
                0x00000370       0x38 ..\obj\millis.o
 .debug_aranges
                0x000003a8       0x88 ..\obj\stm32f4xx_gpio.o
 .debug_aranges
                0x00000430       0x30 ..\obj\system_stm32f4xx.o
 .debug_aranges
                0x00000460       0xb0 ..\obj\stm32f4xx_dma.o
 .debug_aranges
                0x00000510       0x40 ..\obj\misc.o
 .debug_aranges
                0x00000550      0x2f8 ..\obj\stm32f4xx_tim.o
 .debug_aranges
                0x00000848       0x28 ..\obj\usart_handler.o

.debug_ranges   0x00000000      0x7a0
 .debug_ranges  0x00000000       0xf0 ..\obj\stm32f4xx_usart.o
 .debug_ranges  0x000000f0       0x18 ..\obj\startup_stm32f4xx.o
 .debug_ranges  0x00000108       0x38 ..\obj\initialsetting.o
 .debug_ranges  0x00000140       0x28 ..\obj\main.o
 .debug_ranges  0x00000168       0x40 ..\obj\make_motion.o
 .debug_ranges  0x000001a8      0x168 ..\obj\stm32f4xx_rcc.o
 .debug_ranges  0x00000310       0x28 ..\obj\millis.o
 .debug_ranges  0x00000338       0x78 ..\obj\stm32f4xx_gpio.o
 .debug_ranges  0x000003b0       0x20 ..\obj\system_stm32f4xx.o
 .debug_ranges  0x000003d0       0xa0 ..\obj\stm32f4xx_dma.o
 .debug_ranges  0x00000470       0x30 ..\obj\misc.o
 .debug_ranges  0x000004a0      0x2e8 ..\obj\stm32f4xx_tim.o
 .debug_ranges  0x00000788       0x18 ..\obj\usart_handler.o

.debug_line     0x00000000     0x3407
 .debug_line    0x00000000      0x542 ..\obj\stm32f4xx_usart.o
 .debug_line    0x00000542       0xc4 ..\obj\startup_stm32f4xx.o
 .debug_line    0x00000606      0x389 ..\obj\initialsetting.o
 .debug_line    0x0000098f      0x2b6 ..\obj\main.o
 .debug_line    0x00000c45      0x3a9 ..\obj\make_motion.o
 .debug_line    0x00000fee      0x641 ..\obj\stm32f4xx_rcc.o
 .debug_line    0x0000162f      0x2dd ..\obj\millis.o
 .debug_line    0x0000190c      0x3e3 ..\obj\stm32f4xx_gpio.o
 .debug_line    0x00001cef      0x248 ..\obj\system_stm32f4xx.o
 .debug_line    0x00001f37      0x47c ..\obj\stm32f4xx_dma.o
 .debug_line    0x000023b3      0x2e5 ..\obj\misc.o
 .debug_line    0x00002698      0xb0a ..\obj\stm32f4xx_tim.o
 .debug_line    0x000031a2      0x265 ..\obj\usart_handler.o

.debug_str      0x00000000     0x2be6
 .debug_str     0x00000000      0x637 ..\obj\stm32f4xx_usart.o
                                0x6b2 (size before relaxing)
 .debug_str     0x00000637       0xd3 ..\obj\startup_stm32f4xx.o
                                0x16a (size before relaxing)
 .debug_str     0x0000070a      0x94f ..\obj\initialsetting.o
                                0xba1 (size before relaxing)
 .debug_str     0x00001059      0x150 ..\obj\main.o
                                0x828 (size before relaxing)
 .debug_str     0x000011a9      0x112 ..\obj\make_motion.o
                                0x308 (size before relaxing)
 .debug_str     0x000012bb      0x606 ..\obj\stm32f4xx_rcc.o
                                0x873 (size before relaxing)
 .debug_str     0x000018c1      0x1a3 ..\obj\millis.o
                                0x3a6 (size before relaxing)
 .debug_str     0x00001a64      0x1b6 ..\obj\stm32f4xx_gpio.o
                                0x4c6 (size before relaxing)
 .debug_str     0x00001c1a       0xd7 ..\obj\system_stm32f4xx.o
                                0x3cd (size before relaxing)
 .debug_str     0x00001cf1      0x297 ..\obj\stm32f4xx_dma.o
                                0x565 (size before relaxing)
 .debug_str     0x00001f88      0x136 ..\obj\misc.o
                                0x3f1 (size before relaxing)
 .debug_str     0x000020be      0xaa9 ..\obj\stm32f4xx_tim.o
                                0xdf3 (size before relaxing)
 .debug_str     0x00002b67       0x7f ..\obj\usart_handler.o
                                0x2a8 (size before relaxing)

.comment        0x00000000       0x70
 .comment       0x00000000       0x70 ..\obj\stm32f4xx_usart.o
                                 0x71 (size before relaxing)
 .comment       0x00000000       0x71 ..\obj\startup_stm32f4xx.o
 .comment       0x00000000       0x71 ..\obj\initialsetting.o
 .comment       0x00000000       0x71 ..\obj\main.o
 .comment       0x00000000       0x71 ..\obj\make_motion.o
 .comment       0x00000000       0x71 ..\obj\stm32f4xx_rcc.o
 .comment       0x00000000       0x71 ..\obj\millis.o
 .comment       0x00000000       0x71 ..\obj\stm32f4xx_gpio.o
 .comment       0x00000000       0x71 ..\obj\system_stm32f4xx.o
 .comment       0x00000000       0x71 ..\obj\stm32f4xx_dma.o
 .comment       0x00000000       0x71 ..\obj\misc.o
 .comment       0x00000000       0x71 ..\obj\stm32f4xx_tim.o
 .comment       0x00000000       0x71 ..\obj\usart_handler.o

.ARM.attributes
                0x00000000       0x33
 .ARM.attributes
                0x00000000       0x33 ..\obj\stm32f4xx_usart.o
 .ARM.attributes
                0x00000033       0x33 ..\obj\startup_stm32f4xx.o
 .ARM.attributes
                0x00000066       0x33 ..\obj\initialsetting.o
 .ARM.attributes
                0x00000099       0x33 ..\obj\main.o
 .ARM.attributes
                0x000000cc       0x33 ..\obj\make_motion.o
 .ARM.attributes
                0x000000ff       0x33 ..\obj\stm32f4xx_rcc.o
 .ARM.attributes
                0x00000132       0x33 ..\obj\millis.o
 .ARM.attributes
                0x00000165       0x33 ..\obj\stm32f4xx_gpio.o
 .ARM.attributes
                0x00000198       0x33 ..\obj\system_stm32f4xx.o
 .ARM.attributes
                0x000001cb       0x33 ..\obj\stm32f4xx_dma.o
 .ARM.attributes
                0x000001fe       0x33 ..\obj\misc.o
 .ARM.attributes
                0x00000231       0x33 ..\obj\stm32f4xx_tim.o
 .ARM.attributes
                0x00000264       0x33 ..\obj\usart_handler.o

.debug_frame    0x00000000     0x23f4
 .debug_frame   0x00000000      0x490 ..\obj\stm32f4xx_usart.o
 .debug_frame   0x00000490       0x4c ..\obj\startup_stm32f4xx.o
 .debug_frame   0x000004dc       0xe8 ..\obj\initialsetting.o
 .debug_frame   0x000005c4       0x94 ..\obj\main.o
 .debug_frame   0x00000658      0x100 ..\obj\make_motion.o
 .debug_frame   0x00000758      0x6d4 ..\obj\stm32f4xx_rcc.o
 .debug_frame   0x00000e2c       0x8c ..\obj\millis.o
 .debug_frame   0x00000eb8      0x23c ..\obj\stm32f4xx_gpio.o
 .debug_frame   0x000010f4       0x7c ..\obj\system_stm32f4xx.o
 .debug_frame   0x00001170      0x308 ..\obj\stm32f4xx_dma.o
 .debug_frame   0x00001478       0xd8 ..\obj\misc.o
 .debug_frame   0x00001550      0xe54 ..\obj\stm32f4xx_tim.o
 .debug_frame   0x000023a4       0x50 ..\obj\usart_handler.o
